

================================================================
== Vivado HLS Report for 'Matrix_Vector_Activa'
================================================================
* Date:           Mon Mar  1 07:35:26 2021

* Version:        2020.1.1 (Build 2951007 on Wed Aug 05 23:24:06 MDT 2020)
* Project:        project_StreamingFCLayer_Batch_1
* Solution:       sol1
* Product family: zynq
* Target device:  xc7z020-clg400-1


================================================================
== Performance Estimates
================================================================
+ Timing: 
    * Summary: 
    +--------+----------+----------+------------+
    |  Clock |  Target  | Estimated| Uncertainty|
    +--------+----------+----------+------------+
    |ap_clk  | 10.00 ns | 8.731 ns |   1.25 ns  |
    +--------+----------+----------+------------+

+ Latency: 
    * Summary: 
    +---------+---------+-----------+-----------+---------+---------+---------+
    |  Latency (cycles) |   Latency (absolute)  |      Interval     | Pipeline|
    |   min   |   max   |    min    |    max    |   min   |   max   |   Type  |
    +---------+---------+-----------+-----------+---------+---------+---------+
    |  7225348|  7225348| 72.253 ms | 72.253 ms |  7225348|  7225348|   none  |
    +---------+---------+-----------+-----------+---------+---------+---------+

    + Detail: 
        * Instance: 
        N/A

        * Loop: 
        +----------+---------+---------+----------+-----------+-----------+---------+----------+
        |          |  Latency (cycles) | Iteration|  Initiation Interval  |   Trip  |          |
        | Loop Name|   min   |   max   |  Latency |  achieved |   target  |  Count  | Pipelined|
        +----------+---------+---------+----------+-----------+-----------+---------+----------+
        |- Loop 1  |  7225346|  7225346|         4|          1|          1|  7225344|    yes   |
        +----------+---------+---------+----------+-----------+-----------+---------+----------+



================================================================
== Utilization Estimates
================================================================
* Summary: 
+-----------------+---------+-------+--------+-------+-----+
|       Name      | BRAM_18K| DSP48E|   FF   |  LUT  | URAM|
+-----------------+---------+-------+--------+-------+-----+
|DSP              |        -|      -|       -|      -|    -|
|Expression       |        -|      -|       0|   1014|    -|
|FIFO             |        -|      -|       -|      -|    -|
|Instance         |        -|      0|       0|   1669|    -|
|Memory           |        0|      -|     448|    224|    -|
|Multiplexer      |        -|      -|       -|    117|    -|
|Register         |        0|      -|    2565|     32|    -|
+-----------------+---------+-------+--------+-------+-----+
|Total            |        0|      0|    3013|   3056|    0|
+-----------------+---------+-------+--------+-------+-----+
|Available        |      280|    220|  106400|  53200|    0|
+-----------------+---------+-------+--------+-------+-----+
|Utilization (%)  |        0|      0|       2|      5|    0|
+-----------------+---------+-------+--------+-------+-----+

+ Detail: 
    * Instance: 
    +-------------------------+----------------------+---------+-------+---+------+-----+
    |         Instance        |        Module        | BRAM_18K| DSP48E| FF|  LUT | URAM|
    +-------------------------+----------------------+---------+-------+---+------+-----+
    |StreamingFCLayer_DeQ_U1  |StreamingFCLayer_DeQ  |        0|      0|  0|  1573|    0|
    |StreamingFCLayer_Ee0_U2  |StreamingFCLayer_Ee0  |        0|      0|  0|    24|    0|
    |StreamingFCLayer_Ee0_U3  |StreamingFCLayer_Ee0  |        0|      0|  0|    24|    0|
    |StreamingFCLayer_Ee0_U4  |StreamingFCLayer_Ee0  |        0|      0|  0|    24|    0|
    |StreamingFCLayer_Ee0_U5  |StreamingFCLayer_Ee0  |        0|      0|  0|    24|    0|
    +-------------------------+----------------------+---------+-------+---+------+-----+
    |Total                    |                      |        0|      0|  0|  1669|    0|
    +-------------------------+----------------------+---------+-------+---+------+-----+

    * DSP48E: 
    N/A

    * Memory: 
    +---------------------------+----------------------+---------+----+----+-----+------+-----+------+-------------+
    |           Memory          |        Module        | BRAM_18K| FF | LUT| URAM| Words| Bits| Banks| W*Bits*Banks|
    +---------------------------+----------------------+---------+----+----+-----+------+-----+------+-------------+
    |threshs_m_thresholds_10_U  |Matrix_Vector_ActAem  |        0|  16|   8|    0|    32|   16|     1|          512|
    |threshs_m_thresholds_9_U   |Matrix_Vector_ActBew  |        0|  16|   8|    0|    32|   16|     1|          512|
    |threshs_m_thresholds_8_U   |Matrix_Vector_ActCeG  |        0|  16|   8|    0|    32|   16|     1|          512|
    |threshs_m_thresholds_27_U  |Matrix_Vector_Actbkb  |        0|  16|   8|    0|    32|   16|     1|          512|
    |threshs_m_thresholds_26_U  |Matrix_Vector_Actcud  |        0|  16|   8|    0|    32|   16|     1|          512|
    |threshs_m_thresholds_21_U  |Matrix_Vector_ActdEe  |        0|  16|   8|    0|    32|   16|     1|          512|
    |threshs_m_thresholds_20_U  |Matrix_Vector_ActeOg  |        0|  16|   8|    0|    32|   16|     1|          512|
    |threshs_m_thresholds_19_U  |Matrix_Vector_ActfYi  |        0|  16|   8|    0|    32|   16|     1|          512|
    |threshs_m_thresholds_18_U  |Matrix_Vector_Actg8j  |        0|  16|   8|    0|    32|   16|     1|          512|
    |threshs_m_thresholds_17_U  |Matrix_Vector_Acthbi  |        0|  16|   8|    0|    32|   16|     1|          512|
    |threshs_m_thresholds_16_U  |Matrix_Vector_Actibs  |        0|  16|   8|    0|    32|   16|     1|          512|
    |threshs_m_thresholds_15_U  |Matrix_Vector_ActjbC  |        0|  16|   8|    0|    32|   16|     1|          512|
    |threshs_m_thresholds_14_U  |Matrix_Vector_ActkbM  |        0|  16|   8|    0|    32|   16|     1|          512|
    |threshs_m_thresholds_25_U  |Matrix_Vector_ActlbW  |        0|  16|   8|    0|    32|   16|     1|          512|
    |threshs_m_thresholds_24_U  |Matrix_Vector_Actmb6  |        0|  16|   8|    0|    32|   16|     1|          512|
    |threshs_m_thresholds_23_U  |Matrix_Vector_Actncg  |        0|  16|   8|    0|    32|   16|     1|          512|
    |threshs_m_thresholds_22_U  |Matrix_Vector_Actocq  |        0|  16|   8|    0|    32|   16|     1|          512|
    |threshs_m_thresholds_13_U  |Matrix_Vector_ActpcA  |        0|  16|   8|    0|    32|   16|     1|          512|
    |threshs_m_thresholds_12_U  |Matrix_Vector_ActqcK  |        0|  16|   8|    0|    32|   16|     1|          512|
    |threshs_m_thresholds_7_U   |Matrix_Vector_ActrcU  |        0|  16|   8|    0|    32|   16|     1|          512|
    |threshs_m_thresholds_6_U   |Matrix_Vector_Actsc4  |        0|  16|   8|    0|    32|   16|     1|          512|
    |threshs_m_thresholds_5_U   |Matrix_Vector_Acttde  |        0|  16|   8|    0|    32|   16|     1|          512|
    |threshs_m_thresholds_4_U   |Matrix_Vector_Actudo  |        0|  16|   8|    0|    32|   16|     1|          512|
    |threshs_m_thresholds_3_U   |Matrix_Vector_Actvdy  |        0|  16|   8|    0|    32|   16|     1|          512|
    |threshs_m_thresholds_2_U   |Matrix_Vector_ActwdI  |        0|  16|   8|    0|    32|   16|     1|          512|
    |threshs_m_thresholds_1_U   |Matrix_Vector_ActxdS  |        0|  16|   8|    0|    32|   16|     1|          512|
    |threshs_m_thresholds_U     |Matrix_Vector_Actyd2  |        0|  16|   8|    0|    32|   16|     1|          512|
    |threshs_m_thresholds_11_U  |Matrix_Vector_Actzec  |        0|  16|   8|    0|    32|   16|     1|          512|
    +---------------------------+----------------------+---------+----+----+-----+------+-----+------+-------------+
    |Total                      |                      |        0| 448| 224|    0|   896|  448|    28|        14336|
    +---------------------------+----------------------+---------+----+----+-----+------+-----+------+-------------+

    * FIFO: 
    N/A

    * Expression: 
    +----------------------------------+----------+-------+---+----+------------+------------+
    |           Variable Name          | Operation| DSP48E| FF| LUT| Bitwidth P0| Bitwidth P1|
    +----------------------------------+----------+-------+---+----+------------+------------+
    |accu_0_0_V_fu_6016_p2             |     +    |      0|  0|  23|          16|          16|
    |accu_0_1_V_fu_6025_p2             |     +    |      0|  0|  23|          16|          16|
    |add_ln700_10_fu_6155_p2           |     +    |      0|  0|   7|           2|           2|
    |add_ln700_11_fu_6161_p2           |     +    |      0|  0|   7|           2|           2|
    |add_ln700_12_fu_6451_p2           |     +    |      0|  0|  10|           2|           2|
    |add_ln700_13_fu_6461_p2           |     +    |      0|  0|  10|           2|           2|
    |add_ln700_14_fu_6471_p2           |     +    |      0|  0|   7|           3|           3|
    |add_ln700_15_fu_6477_p2           |     +    |      0|  0|   7|           3|           3|
    |add_ln700_16_fu_6487_p2           |     +    |      0|  0|   7|           4|           4|
    |add_ln700_17_fu_6596_p2           |     +    |      0|  0|  10|           2|           2|
    |add_ln700_18_fu_6606_p2           |     +    |      0|  0|  13|           4|           4|
    |add_ln700_19_fu_6612_p2           |     +    |      0|  0|  10|           2|           2|
    |add_ln700_20_fu_6622_p2           |     +    |      0|  0|  10|           2|           2|
    |add_ln700_21_fu_6632_p2           |     +    |      0|  0|  12|           3|           3|
    |add_ln700_22_fu_6642_p2           |     +    |      0|  0|   7|           4|           4|
    |add_ln700_23_fu_6281_p2           |     +    |      0|  0|   7|           2|           2|
    |add_ln700_24_fu_6287_p2           |     +    |      0|  0|   7|           2|           2|
    |add_ln700_25_fu_6651_p2           |     +    |      0|  0|  10|           2|           2|
    |add_ln700_26_fu_6661_p2           |     +    |      0|  0|  10|           2|           2|
    |add_ln700_27_fu_6671_p2           |     +    |      0|  0|   7|           3|           3|
    |add_ln700_28_fu_6677_p2           |     +    |      0|  0|   7|           3|           3|
    |add_ln700_29_fu_6687_p2           |     +    |      0|  0|   7|           4|           4|
    |add_ln700_2_fu_5927_p2            |     +    |      0|  0|  15|           9|           9|
    |add_ln700_4_fu_6396_p2            |     +    |      0|  0|  10|           2|           2|
    |add_ln700_5_fu_6406_p2            |     +    |      0|  0|  13|           4|           4|
    |add_ln700_6_fu_6412_p2            |     +    |      0|  0|  10|           2|           2|
    |add_ln700_7_fu_6422_p2            |     +    |      0|  0|  10|           2|           2|
    |add_ln700_8_fu_6432_p2            |     +    |      0|  0|  12|           3|           3|
    |add_ln700_9_fu_6442_p2            |     +    |      0|  0|   7|           4|           4|
    |add_ln700_fu_5895_p2              |     +    |      0|  0|  15|           9|           9|
    |i_fu_2875_p2                      |     +    |      0|  0|  30|          23|           1|
    |nf_fu_5968_p2                     |     +    |      0|  0|  39|          32|           1|
    |sf_fu_5830_p2                     |     +    |      0|  0|  39|           1|          32|
    |ap_block_pp0_stage0_01001         |    and   |      0|  0|   2|           1|           1|
    |ap_block_state5_io                |    and   |      0|  0|   2|           1|           1|
    |ap_predicate_op607_read_state2    |    and   |      0|  0|   2|           1|           1|
    |icmp_ln248_fu_2869_p2             |   icmp   |      0|  0|  18|          23|          22|
    |icmp_ln252_fu_2884_p2             |   icmp   |      0|  0|  18|          32|           1|
    |icmp_ln271_fu_5790_p2             |   icmp   |      0|  0|  18|          32|           1|
    |icmp_ln289_fu_5836_p2             |   icmp   |      0|  0|  18|          32|           9|
    |icmp_ln301_fu_5974_p2             |   icmp   |      0|  0|  18|          32|           6|
    |icmp_ln899_10_fu_6131_p2          |   icmp   |      0|  0|  13|          16|          16|
    |icmp_ln899_11_fu_6137_p2          |   icmp   |      0|  0|  13|          16|          16|
    |icmp_ln899_12_fu_6143_p2          |   icmp   |      0|  0|  13|          16|          16|
    |icmp_ln899_13_fu_6149_p2          |   icmp   |      0|  0|  13|          16|          16|
    |icmp_ln899_14_fu_6167_p2          |   icmp   |      0|  0|  13|          16|          16|
    |icmp_ln899_15_fu_6173_p2          |   icmp   |      0|  0|  13|          16|          16|
    |icmp_ln899_16_fu_6179_p2          |   icmp   |      0|  0|  13|          16|          16|
    |icmp_ln899_17_fu_6185_p2          |   icmp   |      0|  0|  13|          16|          16|
    |icmp_ln899_18_fu_6191_p2          |   icmp   |      0|  0|  13|          16|          16|
    |icmp_ln899_19_fu_6197_p2          |   icmp   |      0|  0|  13|          16|          16|
    |icmp_ln899_1_fu_6047_p2           |   icmp   |      0|  0|  13|          16|          16|
    |icmp_ln899_20_fu_6203_p2          |   icmp   |      0|  0|  13|          16|          16|
    |icmp_ln899_21_fu_6209_p2          |   icmp   |      0|  0|  13|          16|          16|
    |icmp_ln899_22_fu_6225_p2          |   icmp   |      0|  0|  13|          16|          16|
    |icmp_ln899_23_fu_6241_p2          |   icmp   |      0|  0|  13|          16|          16|
    |icmp_ln899_24_fu_6257_p2          |   icmp   |      0|  0|  13|          16|          16|
    |icmp_ln899_25_fu_6263_p2          |   icmp   |      0|  0|  13|          16|          16|
    |icmp_ln899_26_fu_6269_p2          |   icmp   |      0|  0|  13|          16|          16|
    |icmp_ln899_27_fu_6275_p2          |   icmp   |      0|  0|  13|          16|          16|
    |icmp_ln899_2_fu_6053_p2           |   icmp   |      0|  0|  13|          16|          16|
    |icmp_ln899_3_fu_6059_p2           |   icmp   |      0|  0|  13|          16|          16|
    |icmp_ln899_4_fu_6065_p2           |   icmp   |      0|  0|  13|          16|          16|
    |icmp_ln899_5_fu_6071_p2           |   icmp   |      0|  0|  13|          16|          16|
    |icmp_ln899_6_fu_6077_p2           |   icmp   |      0|  0|  13|          16|          16|
    |icmp_ln899_7_fu_6083_p2           |   icmp   |      0|  0|  13|          16|          16|
    |icmp_ln899_8_fu_6099_p2           |   icmp   |      0|  0|  13|          16|          16|
    |icmp_ln899_9_fu_6115_p2           |   icmp   |      0|  0|  13|          16|          16|
    |icmp_ln899_fu_6041_p2             |   icmp   |      0|  0|  13|          16|          16|
    |ap_block_pp0_stage0_11001         |    or    |      0|  0|   2|           1|           1|
    |ap_block_state2_pp0_stage0_iter0  |    or    |      0|  0|   2|           1|           1|
    |select_ln271_1_fu_6006_p3         |  select  |      0|  0|  16|           1|           1|
    |select_ln271_fu_5999_p3           |  select  |      0|  0|  16|           1|           1|
    |select_ln301_fu_5980_p3           |  select  |      0|  0|  32|           1|           1|
    |select_ln700_1_fu_6498_p3         |  select  |      0|  0|   4|           1|           4|
    |select_ln700_fu_6298_p3           |  select  |      0|  0|   4|           1|           4|
    |ap_enable_pp0                     |    xor   |      0|  0|   2|           1|           2|
    |ap_enable_reg_pp0_iter1           |    xor   |      0|  0|   2|           2|           1|
    |xor_ln899_10_fu_6360_p2           |    xor   |      0|  0|   2|           1|           2|
    |xor_ln899_11_fu_6369_p2           |    xor   |      0|  0|   2|           1|           2|
    |xor_ln899_12_fu_6378_p2           |    xor   |      0|  0|   2|           1|           2|
    |xor_ln899_13_fu_6387_p2           |    xor   |      0|  0|   2|           1|           2|
    |xor_ln899_14_fu_6493_p2           |    xor   |      0|  0|   2|           1|           2|
    |xor_ln899_15_fu_6506_p2           |    xor   |      0|  0|   2|           1|           2|
    |xor_ln899_16_fu_6515_p2           |    xor   |      0|  0|   2|           1|           2|
    |xor_ln899_17_fu_6524_p2           |    xor   |      0|  0|   2|           1|           2|
    |xor_ln899_18_fu_6533_p2           |    xor   |      0|  0|   2|           1|           2|
    |xor_ln899_19_fu_6542_p2           |    xor   |      0|  0|   2|           1|           2|
    |xor_ln899_1_fu_6306_p2            |    xor   |      0|  0|   2|           1|           2|
    |xor_ln899_20_fu_6551_p2           |    xor   |      0|  0|   2|           1|           2|
    |xor_ln899_21_fu_6215_p2           |    xor   |      0|  0|   2|           1|           2|
    |xor_ln899_22_fu_6231_p2           |    xor   |      0|  0|   2|           1|           2|
    |xor_ln899_23_fu_6247_p2           |    xor   |      0|  0|   2|           1|           2|
    |xor_ln899_24_fu_6560_p2           |    xor   |      0|  0|   2|           1|           2|
    |xor_ln899_25_fu_6569_p2           |    xor   |      0|  0|   2|           1|           2|
    |xor_ln899_26_fu_6578_p2           |    xor   |      0|  0|   2|           1|           2|
    |xor_ln899_27_fu_6587_p2           |    xor   |      0|  0|   2|           1|           2|
    |xor_ln899_2_fu_6315_p2            |    xor   |      0|  0|   2|           1|           2|
    |xor_ln899_3_fu_6324_p2            |    xor   |      0|  0|   2|           1|           2|
    |xor_ln899_4_fu_6333_p2            |    xor   |      0|  0|   2|           1|           2|
    |xor_ln899_5_fu_6342_p2            |    xor   |      0|  0|   2|           1|           2|
    |xor_ln899_6_fu_6351_p2            |    xor   |      0|  0|   2|           1|           2|
    |xor_ln899_7_fu_6089_p2            |    xor   |      0|  0|   2|           1|           2|
    |xor_ln899_8_fu_6105_p2            |    xor   |      0|  0|   2|           1|           2|
    |xor_ln899_9_fu_6121_p2            |    xor   |      0|  0|   2|           1|           2|
    |xor_ln899_fu_6293_p2              |    xor   |      0|  0|   2|           1|           2|
    +----------------------------------+----------+-------+---+----+------------+------------+
    |Total                             |          |      0|  0|1014|         816|         716|
    +----------------------------------+----------+-------+---+----+------------+------------+

    * Multiplexer: 
    +-------------------------------------------+----+-----------+-----+-----------+
    |                    Name                   | LUT| Input Size| Bits| Total Bits|
    +-------------------------------------------+----+-----------+-----+-----------+
    |ap_NS_fsm                                  |  21|          4|    1|          4|
    |ap_enable_reg_pp0_iter1                    |   9|          2|    1|          2|
    |ap_enable_reg_pp0_iter3                    |   9|          2|    1|          2|
    |ap_phi_reg_pp0_iter1_act_m_val_V_reg_2276  |  15|          3|    8|         24|
    |ap_sig_allocacmp_nf_assign_load_1          |   9|          2|   32|         64|
    |i_0_reg_2265                               |   9|          2|   23|         46|
    |in_V_V_TDATA_blk_n                         |   9|          2|    1|          2|
    |nf_assign_fu_1878                          |   9|          2|   32|         64|
    |out_V_V_TDATA_blk_n                        |   9|          2|    1|          2|
    |sf_1_fu_722                                |   9|          2|   32|         64|
    |weight_V_V_TDATA_blk_n                     |   9|          2|    1|          2|
    +-------------------------------------------+----+-----------+-----+-----------+
    |Total                                      | 117|         25|  133|        276|
    +-------------------------------------------+----+-----------+-----+-----------+

    * Register: 
    +-------------------------------------------+----+----+-----+-----------+
    |                    Name                   | FF | LUT| Bits| Const Bits|
    +-------------------------------------------+----+----+-----+-----------+
    |accu_V_0_0_0_fu_714                        |  16|   0|   16|          0|
    |accu_V_0_1_0_fu_718                        |  16|   0|   16|          0|
    |add_ln700_11_reg_9007                      |   2|   0|    2|          0|
    |add_ln700_24_reg_9067                      |   2|   0|    2|          0|
    |add_ln700_2_reg_8807                       |   9|   0|    9|          0|
    |add_ln700_reg_8802                         |   9|   0|    9|          0|
    |ap_CS_fsm                                  |   3|   0|    3|          0|
    |ap_enable_reg_pp0_iter0                    |   1|   0|    1|          0|
    |ap_enable_reg_pp0_iter1                    |   1|   0|    1|          0|
    |ap_enable_reg_pp0_iter2                    |   1|   0|    1|          0|
    |ap_enable_reg_pp0_iter3                    |   1|   0|    1|          0|
    |ap_phi_reg_pp0_iter1_act_m_val_V_reg_2276  |   8|   0|    8|          0|
    |i_0_reg_2265                               |  23|   0|   23|          0|
    |icmp_ln271_reg_8772                        |   1|   0|    1|          0|
    |icmp_ln271_reg_8772_pp0_iter1_reg          |   1|   0|    1|          0|
    |icmp_ln289_reg_8798                        |   1|   0|    1|          0|
    |icmp_ln899_10_reg_8987                     |   1|   0|    1|          0|
    |icmp_ln899_11_reg_8992                     |   1|   0|    1|          0|
    |icmp_ln899_12_reg_8997                     |   1|   0|    1|          0|
    |icmp_ln899_13_reg_9002                     |   1|   0|    1|          0|
    |icmp_ln899_14_reg_9012                     |   1|   0|    1|          0|
    |icmp_ln899_15_reg_9017                     |   1|   0|    1|          0|
    |icmp_ln899_16_reg_9022                     |   1|   0|    1|          0|
    |icmp_ln899_17_reg_9027                     |   1|   0|    1|          0|
    |icmp_ln899_18_reg_9032                     |   1|   0|    1|          0|
    |icmp_ln899_19_reg_9037                     |   1|   0|    1|          0|
    |icmp_ln899_1_reg_8957                      |   1|   0|    1|          0|
    |icmp_ln899_20_reg_9042                     |   1|   0|    1|          0|
    |icmp_ln899_24_reg_9047                     |   1|   0|    1|          0|
    |icmp_ln899_25_reg_9052                     |   1|   0|    1|          0|
    |icmp_ln899_26_reg_9057                     |   1|   0|    1|          0|
    |icmp_ln899_27_reg_9062                     |   1|   0|    1|          0|
    |icmp_ln899_2_reg_8962                      |   1|   0|    1|          0|
    |icmp_ln899_3_reg_8967                      |   1|   0|    1|          0|
    |icmp_ln899_4_reg_8972                      |   1|   0|    1|          0|
    |icmp_ln899_5_reg_8977                      |   1|   0|    1|          0|
    |icmp_ln899_6_reg_8982                      |   1|   0|    1|          0|
    |icmp_ln899_reg_8952                        |   1|   0|    1|          0|
    |nf_assign_fu_1878                          |  32|   0|   32|          0|
    |p_Result_1_0_1_reg_8783                    |   4|   0|    4|          0|
    |p_Result_1_1_1_reg_8793                    |   4|   0|    4|          0|
    |p_Result_1_1_reg_8788                      |   4|   0|    4|          0|
    |sf_1_fu_722                                |  32|   0|   32|          0|
    |tmp_V_100_fu_1122                          |   8|   0|    8|          0|
    |tmp_V_101_fu_1126                          |   8|   0|    8|          0|
    |tmp_V_102_fu_1130                          |   8|   0|    8|          0|
    |tmp_V_103_fu_1134                          |   8|   0|    8|          0|
    |tmp_V_104_fu_1138                          |   8|   0|    8|          0|
    |tmp_V_105_fu_1142                          |   8|   0|    8|          0|
    |tmp_V_106_fu_1146                          |   8|   0|    8|          0|
    |tmp_V_107_fu_1150                          |   8|   0|    8|          0|
    |tmp_V_108_fu_1154                          |   8|   0|    8|          0|
    |tmp_V_109_fu_1158                          |   8|   0|    8|          0|
    |tmp_V_10_fu_762                            |   8|   0|    8|          0|
    |tmp_V_110_fu_1162                          |   8|   0|    8|          0|
    |tmp_V_111_fu_1166                          |   8|   0|    8|          0|
    |tmp_V_112_fu_1170                          |   8|   0|    8|          0|
    |tmp_V_113_fu_1174                          |   8|   0|    8|          0|
    |tmp_V_114_fu_1178                          |   8|   0|    8|          0|
    |tmp_V_115_fu_1182                          |   8|   0|    8|          0|
    |tmp_V_116_fu_1186                          |   8|   0|    8|          0|
    |tmp_V_117_fu_1190                          |   8|   0|    8|          0|
    |tmp_V_118_fu_1194                          |   8|   0|    8|          0|
    |tmp_V_119_fu_1198                          |   8|   0|    8|          0|
    |tmp_V_11_fu_766                            |   8|   0|    8|          0|
    |tmp_V_120_fu_1202                          |   8|   0|    8|          0|
    |tmp_V_121_fu_1206                          |   8|   0|    8|          0|
    |tmp_V_122_fu_1210                          |   8|   0|    8|          0|
    |tmp_V_123_fu_1214                          |   8|   0|    8|          0|
    |tmp_V_124_fu_1218                          |   8|   0|    8|          0|
    |tmp_V_125_fu_1222                          |   8|   0|    8|          0|
    |tmp_V_126_fu_1226                          |   8|   0|    8|          0|
    |tmp_V_127_fu_1230                          |   8|   0|    8|          0|
    |tmp_V_128_fu_1234                          |   8|   0|    8|          0|
    |tmp_V_129_fu_1238                          |   8|   0|    8|          0|
    |tmp_V_12_fu_770                            |   8|   0|    8|          0|
    |tmp_V_130_fu_1242                          |   8|   0|    8|          0|
    |tmp_V_131_fu_1246                          |   8|   0|    8|          0|
    |tmp_V_132_fu_1250                          |   8|   0|    8|          0|
    |tmp_V_133_fu_1254                          |   8|   0|    8|          0|
    |tmp_V_134_fu_1258                          |   8|   0|    8|          0|
    |tmp_V_135_fu_1262                          |   8|   0|    8|          0|
    |tmp_V_136_fu_1266                          |   8|   0|    8|          0|
    |tmp_V_137_fu_1270                          |   8|   0|    8|          0|
    |tmp_V_138_fu_1274                          |   8|   0|    8|          0|
    |tmp_V_139_fu_1278                          |   8|   0|    8|          0|
    |tmp_V_13_fu_774                            |   8|   0|    8|          0|
    |tmp_V_140_fu_1282                          |   8|   0|    8|          0|
    |tmp_V_141_fu_1286                          |   8|   0|    8|          0|
    |tmp_V_142_fu_1290                          |   8|   0|    8|          0|
    |tmp_V_143_fu_1294                          |   8|   0|    8|          0|
    |tmp_V_144_fu_1298                          |   8|   0|    8|          0|
    |tmp_V_145_fu_1302                          |   8|   0|    8|          0|
    |tmp_V_146_fu_1306                          |   8|   0|    8|          0|
    |tmp_V_147_fu_1310                          |   8|   0|    8|          0|
    |tmp_V_148_fu_1314                          |   8|   0|    8|          0|
    |tmp_V_149_fu_1318                          |   8|   0|    8|          0|
    |tmp_V_14_fu_778                            |   8|   0|    8|          0|
    |tmp_V_150_fu_1322                          |   8|   0|    8|          0|
    |tmp_V_151_fu_1326                          |   8|   0|    8|          0|
    |tmp_V_152_fu_1330                          |   8|   0|    8|          0|
    |tmp_V_153_fu_1334                          |   8|   0|    8|          0|
    |tmp_V_154_fu_1338                          |   8|   0|    8|          0|
    |tmp_V_155_fu_1342                          |   8|   0|    8|          0|
    |tmp_V_156_fu_1346                          |   8|   0|    8|          0|
    |tmp_V_157_fu_1350                          |   8|   0|    8|          0|
    |tmp_V_158_fu_1354                          |   8|   0|    8|          0|
    |tmp_V_159_fu_1358                          |   8|   0|    8|          0|
    |tmp_V_15_fu_782                            |   8|   0|    8|          0|
    |tmp_V_160_fu_1362                          |   8|   0|    8|          0|
    |tmp_V_161_fu_1366                          |   8|   0|    8|          0|
    |tmp_V_162_fu_1370                          |   8|   0|    8|          0|
    |tmp_V_163_fu_1374                          |   8|   0|    8|          0|
    |tmp_V_164_fu_1378                          |   8|   0|    8|          0|
    |tmp_V_165_fu_1382                          |   8|   0|    8|          0|
    |tmp_V_166_fu_1386                          |   8|   0|    8|          0|
    |tmp_V_167_fu_1390                          |   8|   0|    8|          0|
    |tmp_V_168_fu_1394                          |   8|   0|    8|          0|
    |tmp_V_169_fu_1398                          |   8|   0|    8|          0|
    |tmp_V_16_fu_786                            |   8|   0|    8|          0|
    |tmp_V_170_fu_1402                          |   8|   0|    8|          0|
    |tmp_V_171_fu_1406                          |   8|   0|    8|          0|
    |tmp_V_172_fu_1410                          |   8|   0|    8|          0|
    |tmp_V_173_fu_1414                          |   8|   0|    8|          0|
    |tmp_V_174_fu_1418                          |   8|   0|    8|          0|
    |tmp_V_175_fu_1422                          |   8|   0|    8|          0|
    |tmp_V_176_fu_1426                          |   8|   0|    8|          0|
    |tmp_V_177_fu_1430                          |   8|   0|    8|          0|
    |tmp_V_178_fu_1434                          |   8|   0|    8|          0|
    |tmp_V_179_fu_1438                          |   8|   0|    8|          0|
    |tmp_V_17_fu_790                            |   8|   0|    8|          0|
    |tmp_V_180_fu_1442                          |   8|   0|    8|          0|
    |tmp_V_181_fu_1446                          |   8|   0|    8|          0|
    |tmp_V_182_fu_1450                          |   8|   0|    8|          0|
    |tmp_V_183_fu_1454                          |   8|   0|    8|          0|
    |tmp_V_184_fu_1458                          |   8|   0|    8|          0|
    |tmp_V_185_fu_1462                          |   8|   0|    8|          0|
    |tmp_V_186_fu_1466                          |   8|   0|    8|          0|
    |tmp_V_187_fu_1470                          |   8|   0|    8|          0|
    |tmp_V_188_fu_1474                          |   8|   0|    8|          0|
    |tmp_V_189_fu_1478                          |   8|   0|    8|          0|
    |tmp_V_18_fu_794                            |   8|   0|    8|          0|
    |tmp_V_190_fu_1482                          |   8|   0|    8|          0|
    |tmp_V_191_fu_1486                          |   8|   0|    8|          0|
    |tmp_V_192_fu_1490                          |   8|   0|    8|          0|
    |tmp_V_193_fu_1494                          |   8|   0|    8|          0|
    |tmp_V_194_fu_1498                          |   8|   0|    8|          0|
    |tmp_V_195_fu_1502                          |   8|   0|    8|          0|
    |tmp_V_196_fu_1506                          |   8|   0|    8|          0|
    |tmp_V_197_fu_1510                          |   8|   0|    8|          0|
    |tmp_V_198_fu_1514                          |   8|   0|    8|          0|
    |tmp_V_199_fu_1518                          |   8|   0|    8|          0|
    |tmp_V_19_fu_798                            |   8|   0|    8|          0|
    |tmp_V_1_fu_730                             |   8|   0|    8|          0|
    |tmp_V_200_fu_1522                          |   8|   0|    8|          0|
    |tmp_V_201_fu_1526                          |   8|   0|    8|          0|
    |tmp_V_202_fu_1530                          |   8|   0|    8|          0|
    |tmp_V_203_fu_1534                          |   8|   0|    8|          0|
    |tmp_V_204_fu_1538                          |   8|   0|    8|          0|
    |tmp_V_205_fu_1542                          |   8|   0|    8|          0|
    |tmp_V_206_fu_1546                          |   8|   0|    8|          0|
    |tmp_V_207_fu_1550                          |   8|   0|    8|          0|
    |tmp_V_208_fu_1554                          |   8|   0|    8|          0|
    |tmp_V_209_fu_1558                          |   8|   0|    8|          0|
    |tmp_V_20_fu_802                            |   8|   0|    8|          0|
    |tmp_V_210_fu_1562                          |   8|   0|    8|          0|
    |tmp_V_211_fu_1566                          |   8|   0|    8|          0|
    |tmp_V_212_fu_1570                          |   8|   0|    8|          0|
    |tmp_V_213_fu_1574                          |   8|   0|    8|          0|
    |tmp_V_214_fu_1578                          |   8|   0|    8|          0|
    |tmp_V_215_fu_1582                          |   8|   0|    8|          0|
    |tmp_V_216_fu_1586                          |   8|   0|    8|          0|
    |tmp_V_217_fu_1590                          |   8|   0|    8|          0|
    |tmp_V_218_fu_1594                          |   8|   0|    8|          0|
    |tmp_V_219_fu_1598                          |   8|   0|    8|          0|
    |tmp_V_21_fu_806                            |   8|   0|    8|          0|
    |tmp_V_220_fu_1602                          |   8|   0|    8|          0|
    |tmp_V_221_fu_1606                          |   8|   0|    8|          0|
    |tmp_V_222_fu_1610                          |   8|   0|    8|          0|
    |tmp_V_223_fu_1614                          |   8|   0|    8|          0|
    |tmp_V_224_fu_1618                          |   8|   0|    8|          0|
    |tmp_V_225_fu_1622                          |   8|   0|    8|          0|
    |tmp_V_226_fu_1626                          |   8|   0|    8|          0|
    |tmp_V_227_fu_1630                          |   8|   0|    8|          0|
    |tmp_V_228_fu_1634                          |   8|   0|    8|          0|
    |tmp_V_229_fu_1638                          |   8|   0|    8|          0|
    |tmp_V_22_fu_810                            |   8|   0|    8|          0|
    |tmp_V_230_fu_1642                          |   8|   0|    8|          0|
    |tmp_V_231_fu_1646                          |   8|   0|    8|          0|
    |tmp_V_232_fu_1650                          |   8|   0|    8|          0|
    |tmp_V_233_fu_1654                          |   8|   0|    8|          0|
    |tmp_V_234_fu_1658                          |   8|   0|    8|          0|
    |tmp_V_235_fu_1662                          |   8|   0|    8|          0|
    |tmp_V_236_fu_1666                          |   8|   0|    8|          0|
    |tmp_V_237_fu_1670                          |   8|   0|    8|          0|
    |tmp_V_238_fu_1674                          |   8|   0|    8|          0|
    |tmp_V_239_fu_1678                          |   8|   0|    8|          0|
    |tmp_V_23_fu_814                            |   8|   0|    8|          0|
    |tmp_V_240_fu_1682                          |   8|   0|    8|          0|
    |tmp_V_241_fu_1686                          |   8|   0|    8|          0|
    |tmp_V_242_fu_1690                          |   8|   0|    8|          0|
    |tmp_V_243_fu_1694                          |   8|   0|    8|          0|
    |tmp_V_244_fu_1698                          |   8|   0|    8|          0|
    |tmp_V_245_fu_1702                          |   8|   0|    8|          0|
    |tmp_V_246_fu_1706                          |   8|   0|    8|          0|
    |tmp_V_247_fu_1710                          |   8|   0|    8|          0|
    |tmp_V_248_fu_1714                          |   8|   0|    8|          0|
    |tmp_V_249_fu_1718                          |   8|   0|    8|          0|
    |tmp_V_24_fu_818                            |   8|   0|    8|          0|
    |tmp_V_250_fu_1722                          |   8|   0|    8|          0|
    |tmp_V_251_fu_1726                          |   8|   0|    8|          0|
    |tmp_V_252_fu_1730                          |   8|   0|    8|          0|
    |tmp_V_253_fu_1734                          |   8|   0|    8|          0|
    |tmp_V_254_fu_1738                          |   8|   0|    8|          0|
    |tmp_V_255_fu_1742                          |   8|   0|    8|          0|
    |tmp_V_256_fu_1746                          |   8|   0|    8|          0|
    |tmp_V_257_fu_1750                          |   8|   0|    8|          0|
    |tmp_V_258_fu_1754                          |   8|   0|    8|          0|
    |tmp_V_259_fu_1758                          |   8|   0|    8|          0|
    |tmp_V_25_fu_822                            |   8|   0|    8|          0|
    |tmp_V_260_fu_1762                          |   8|   0|    8|          0|
    |tmp_V_261_fu_1766                          |   8|   0|    8|          0|
    |tmp_V_262_fu_1770                          |   8|   0|    8|          0|
    |tmp_V_263_fu_1774                          |   8|   0|    8|          0|
    |tmp_V_264_fu_1778                          |   8|   0|    8|          0|
    |tmp_V_265_fu_1782                          |   8|   0|    8|          0|
    |tmp_V_266_fu_1786                          |   8|   0|    8|          0|
    |tmp_V_267_fu_1790                          |   8|   0|    8|          0|
    |tmp_V_268_fu_1794                          |   8|   0|    8|          0|
    |tmp_V_269_fu_1798                          |   8|   0|    8|          0|
    |tmp_V_26_fu_826                            |   8|   0|    8|          0|
    |tmp_V_270_fu_1802                          |   8|   0|    8|          0|
    |tmp_V_271_fu_1806                          |   8|   0|    8|          0|
    |tmp_V_272_fu_1810                          |   8|   0|    8|          0|
    |tmp_V_273_fu_1814                          |   8|   0|    8|          0|
    |tmp_V_274_fu_1818                          |   8|   0|    8|          0|
    |tmp_V_275_fu_1822                          |   8|   0|    8|          0|
    |tmp_V_276_fu_1826                          |   8|   0|    8|          0|
    |tmp_V_277_fu_1830                          |   8|   0|    8|          0|
    |tmp_V_278_fu_1834                          |   8|   0|    8|          0|
    |tmp_V_279_fu_1838                          |   8|   0|    8|          0|
    |tmp_V_27_fu_830                            |   8|   0|    8|          0|
    |tmp_V_280_fu_1842                          |   8|   0|    8|          0|
    |tmp_V_281_fu_1846                          |   8|   0|    8|          0|
    |tmp_V_282_fu_1850                          |   8|   0|    8|          0|
    |tmp_V_283_fu_1854                          |   8|   0|    8|          0|
    |tmp_V_284_fu_1858                          |   8|   0|    8|          0|
    |tmp_V_285_fu_1862                          |   8|   0|    8|          0|
    |tmp_V_286_fu_1866                          |   8|   0|    8|          0|
    |tmp_V_287_fu_1870                          |   8|   0|    8|          0|
    |tmp_V_288_fu_1874                          |   8|   0|    8|          0|
    |tmp_V_28_fu_834                            |   8|   0|    8|          0|
    |tmp_V_29_fu_838                            |   8|   0|    8|          0|
    |tmp_V_2_fu_734                             |   8|   0|    8|          0|
    |tmp_V_30_fu_842                            |   8|   0|    8|          0|
    |tmp_V_31_fu_846                            |   8|   0|    8|          0|
    |tmp_V_32_fu_850                            |   8|   0|    8|          0|
    |tmp_V_33_fu_854                            |   8|   0|    8|          0|
    |tmp_V_34_fu_858                            |   8|   0|    8|          0|
    |tmp_V_35_fu_862                            |   8|   0|    8|          0|
    |tmp_V_36_fu_866                            |   8|   0|    8|          0|
    |tmp_V_37_fu_870                            |   8|   0|    8|          0|
    |tmp_V_38_fu_874                            |   8|   0|    8|          0|
    |tmp_V_39_fu_878                            |   8|   0|    8|          0|
    |tmp_V_40_fu_882                            |   8|   0|    8|          0|
    |tmp_V_41_fu_886                            |   8|   0|    8|          0|
    |tmp_V_42_fu_890                            |   8|   0|    8|          0|
    |tmp_V_43_fu_894                            |   8|   0|    8|          0|
    |tmp_V_44_fu_898                            |   8|   0|    8|          0|
    |tmp_V_45_fu_902                            |   8|   0|    8|          0|
    |tmp_V_46_fu_906                            |   8|   0|    8|          0|
    |tmp_V_47_fu_910                            |   8|   0|    8|          0|
    |tmp_V_48_fu_914                            |   8|   0|    8|          0|
    |tmp_V_49_fu_918                            |   8|   0|    8|          0|
    |tmp_V_4_fu_738                             |   8|   0|    8|          0|
    |tmp_V_50_fu_922                            |   8|   0|    8|          0|
    |tmp_V_51_fu_926                            |   8|   0|    8|          0|
    |tmp_V_52_fu_930                            |   8|   0|    8|          0|
    |tmp_V_53_fu_934                            |   8|   0|    8|          0|
    |tmp_V_54_fu_938                            |   8|   0|    8|          0|
    |tmp_V_55_fu_942                            |   8|   0|    8|          0|
    |tmp_V_56_fu_946                            |   8|   0|    8|          0|
    |tmp_V_57_fu_950                            |   8|   0|    8|          0|
    |tmp_V_58_fu_954                            |   8|   0|    8|          0|
    |tmp_V_59_fu_958                            |   8|   0|    8|          0|
    |tmp_V_5_fu_742                             |   8|   0|    8|          0|
    |tmp_V_60_fu_962                            |   8|   0|    8|          0|
    |tmp_V_61_fu_966                            |   8|   0|    8|          0|
    |tmp_V_62_fu_970                            |   8|   0|    8|          0|
    |tmp_V_63_fu_974                            |   8|   0|    8|          0|
    |tmp_V_64_fu_978                            |   8|   0|    8|          0|
    |tmp_V_65_fu_982                            |   8|   0|    8|          0|
    |tmp_V_66_fu_986                            |   8|   0|    8|          0|
    |tmp_V_67_fu_990                            |   8|   0|    8|          0|
    |tmp_V_68_fu_994                            |   8|   0|    8|          0|
    |tmp_V_69_fu_998                            |   8|   0|    8|          0|
    |tmp_V_6_fu_746                             |   8|   0|    8|          0|
    |tmp_V_70_fu_1002                           |   8|   0|    8|          0|
    |tmp_V_71_fu_1006                           |   8|   0|    8|          0|
    |tmp_V_72_fu_1010                           |   8|   0|    8|          0|
    |tmp_V_73_fu_1014                           |   8|   0|    8|          0|
    |tmp_V_74_fu_1018                           |   8|   0|    8|          0|
    |tmp_V_75_fu_1022                           |   8|   0|    8|          0|
    |tmp_V_76_fu_1026                           |   8|   0|    8|          0|
    |tmp_V_77_fu_1030                           |   8|   0|    8|          0|
    |tmp_V_78_fu_1034                           |   8|   0|    8|          0|
    |tmp_V_79_fu_1038                           |   8|   0|    8|          0|
    |tmp_V_7_fu_750                             |   8|   0|    8|          0|
    |tmp_V_80_fu_1042                           |   8|   0|    8|          0|
    |tmp_V_81_fu_1046                           |   8|   0|    8|          0|
    |tmp_V_82_fu_1050                           |   8|   0|    8|          0|
    |tmp_V_83_fu_1054                           |   8|   0|    8|          0|
    |tmp_V_84_fu_1058                           |   8|   0|    8|          0|
    |tmp_V_85_fu_1062                           |   8|   0|    8|          0|
    |tmp_V_86_fu_1066                           |   8|   0|    8|          0|
    |tmp_V_87_fu_1070                           |   8|   0|    8|          0|
    |tmp_V_88_fu_1074                           |   8|   0|    8|          0|
    |tmp_V_89_fu_1078                           |   8|   0|    8|          0|
    |tmp_V_8_fu_754                             |   8|   0|    8|          0|
    |tmp_V_90_fu_1082                           |   8|   0|    8|          0|
    |tmp_V_91_fu_1086                           |   8|   0|    8|          0|
    |tmp_V_92_fu_1090                           |   8|   0|    8|          0|
    |tmp_V_93_fu_1094                           |   8|   0|    8|          0|
    |tmp_V_94_fu_1098                           |   8|   0|    8|          0|
    |tmp_V_95_fu_1102                           |   8|   0|    8|          0|
    |tmp_V_96_fu_1106                           |   8|   0|    8|          0|
    |tmp_V_97_fu_1110                           |   8|   0|    8|          0|
    |tmp_V_98_fu_1114                           |   8|   0|    8|          0|
    |tmp_V_99_fu_1118                           |   8|   0|    8|          0|
    |tmp_V_9_fu_758                             |   8|   0|    8|          0|
    |tmp_V_fu_726                               |   8|   0|    8|          0|
    |trunc_ln647_reg_8778                       |   4|   0|    4|          0|
    |icmp_ln289_reg_8798                        |  64|  32|    1|          0|
    +-------------------------------------------+----+----+-----+-----------+
    |Total                                      |2565|  32| 2502|          0|
    +-------------------------------------------+----+----+-----+-----------+



================================================================
== Interface
================================================================
* Summary: 
+-------------------+-----+-----+------------+----------------------+--------------+
|     RTL Ports     | Dir | Bits|  Protocol  |     Source Object    |    C Type    |
+-------------------+-----+-----+------------+----------------------+--------------+
|ap_clk             |  in |    1| ap_ctrl_hs | Matrix_Vector_Activa | return value |
|ap_rst             |  in |    1| ap_ctrl_hs | Matrix_Vector_Activa | return value |
|ap_start           |  in |    1| ap_ctrl_hs | Matrix_Vector_Activa | return value |
|ap_done            | out |    1| ap_ctrl_hs | Matrix_Vector_Activa | return value |
|ap_idle            | out |    1| ap_ctrl_hs | Matrix_Vector_Activa | return value |
|ap_ready           | out |    1| ap_ctrl_hs | Matrix_Vector_Activa | return value |
|in_V_V_TDATA       |  in |    8|    axis    |        in_V_V        |    pointer   |
|in_V_V_TVALID      |  in |    1|    axis    |        in_V_V        |    pointer   |
|in_V_V_TREADY      | out |    1|    axis    |        in_V_V        |    pointer   |
|out_V_V_TDATA      | out |    8|    axis    |        out_V_V       |    pointer   |
|out_V_V_TVALID     | out |    1|    axis    |        out_V_V       |    pointer   |
|out_V_V_TREADY     |  in |    1|    axis    |        out_V_V       |    pointer   |
|weight_V_V_TDATA   |  in |   16|    axis    |      weight_V_V      |    pointer   |
|weight_V_V_TVALID  |  in |    1|    axis    |      weight_V_V      |    pointer   |
|weight_V_V_TREADY  | out |    1|    axis    |      weight_V_V      |    pointer   |
+-------------------+-----+-----+------------+----------------------+--------------+

