

================================================================
== Vivado HLS Report for 'StreamingFCLayer_Batch_0'
================================================================
* Date:           Mon Mar  1 01:06:21 2021

* Version:        2020.1.1 (Build 2951007 on Wed Aug 05 23:24:06 MDT 2020)
* Project:        project_StreamingFCLayer_Batch_0
* Solution:       sol1
* Product family: zynq
* Target device:  xc7z020-clg400-1


================================================================
== Performance Estimates
================================================================
+ Timing: 
    * Summary: 
    +--------+----------+----------+------------+
    |  Clock |  Target  | Estimated| Uncertainty|
    +--------+----------+----------+------------+
    |ap_clk  | 10.00 ns | 8.731 ns |   1.25 ns  |
    +--------+----------+----------+------------+

+ Latency: 
    * Summary: 
    +---------+---------+----------+----------+--------+--------+---------+
    |  Latency (cycles) |  Latency (absolute) |     Interval    | Pipeline|
    |   min   |   max   |    min   |    max   |   min  |   max  |   Type  |
    +---------+---------+----------+----------+--------+--------+---------+
    |   777607|   777607| 7.776 ms | 7.776 ms |  777607|  777607|   none  |
    +---------+---------+----------+----------+--------+--------+---------+

    + Detail: 
        * Instance: 
        +--------------------------------+----------------------+---------+---------+----------+----------+--------+--------+---------+
        |                                |                      |  Latency (cycles) |  Latency (absolute) |     Interval    | Pipeline|
        |            Instance            |        Module        |   min   |   max   |    min   |    max   |   min  |   max  |   Type  |
        +--------------------------------+----------------------+---------+---------+----------+----------+--------+--------+---------+
        |grp_Matrix_Vector_Activa_fu_84  |Matrix_Vector_Activa  |   777604|   777604| 7.776 ms | 7.776 ms |  777604|  777604|   none  |
        +--------------------------------+----------------------+---------+---------+----------+----------+--------+--------+---------+

        * Loop: 
        N/A



================================================================
== Utilization Estimates
================================================================
* Summary: 
+-----------------+---------+-------+--------+-------+-----+
|       Name      | BRAM_18K| DSP48E|   FF   |  LUT  | URAM|
+-----------------+---------+-------+--------+-------+-----+
|DSP              |        -|      -|       -|      -|    -|
|Expression       |        -|      -|       0|      2|    -|
|FIFO             |        -|      -|       -|      -|    -|
|Instance         |        0|      0|     920|   1603|    -|
|Memory           |        -|      -|       -|      -|    -|
|Multiplexer      |        -|      -|       -|     45|    -|
|Register         |        -|      -|       5|      -|    -|
+-----------------+---------+-------+--------+-------+-----+
|Total            |        0|      0|     925|   1650|    0|
+-----------------+---------+-------+--------+-------+-----+
|Available        |      280|    220|  106400|  53200|    0|
+-----------------+---------+-------+--------+-------+-----+
|Utilization (%)  |        0|      0|   ~0   |      3|    0|
+-----------------+---------+-------+--------+-------+-----+

+ Detail: 
    * Instance: 
    +--------------------------------+----------------------+---------+-------+-----+------+-----+
    |            Instance            |        Module        | BRAM_18K| DSP48E|  FF |  LUT | URAM|
    +--------------------------------+----------------------+---------+-------+-----+------+-----+
    |grp_Matrix_Vector_Activa_fu_84  |Matrix_Vector_Activa  |        0|      0|  920|  1603|    0|
    +--------------------------------+----------------------+---------+-------+-----+------+-----+
    |Total                           |                      |        0|      0|  920|  1603|    0|
    +--------------------------------+----------------------+---------+-------+-----+------+-----+

    * DSP48E: 
    N/A

    * Memory: 
    N/A

    * FIFO: 
    N/A

    * Expression: 
    +-----------------------------------------------+----------+-------+---+----+------------+------------+
    |                 Variable Name                 | Operation| DSP48E| FF| LUT| Bitwidth P0| Bitwidth P1|
    +-----------------------------------------------+----------+-------+---+----+------------+------------+
    |grp_Matrix_Vector_Activa_fu_84_out_V_V_TREADY  |    and   |      0|  0|   2|           1|           1|
    +-----------------------------------------------+----------+-------+---+----+------------+------------+
    |Total                                          |          |      0|  0|   2|           1|           1|
    +-----------------------------------------------+----------+-------+---+----+------------+------------+

    * Multiplexer: 
    +------------------------+----+-----------+-----+-----------+
    |          Name          | LUT| Input Size| Bits| Total Bits|
    +------------------------+----+-----------+-----+-----------+
    |ap_NS_fsm               |  27|          5|    1|          5|
    |in0_V_V_TREADY_int      |   9|          2|    1|          2|
    |weights_V_V_TREADY_int  |   9|          2|    1|          2|
    +------------------------+----+-----------+-----+-----------+
    |Total                   |  45|          9|    3|          9|
    +------------------------+----+-----------+-----+-----------+

    * Register: 
    +---------------------------------------------+---+----+-----+-----------+
    |                     Name                    | FF| LUT| Bits| Const Bits|
    +---------------------------------------------+---+----+-----+-----------+
    |ap_CS_fsm                                    |  4|   0|    4|          0|
    |grp_Matrix_Vector_Activa_fu_84_ap_start_reg  |  1|   0|    1|          0|
    +---------------------------------------------+---+----+-----+-----------+
    |Total                                        |  5|   0|    5|          0|
    +---------------------------------------------+---+----+-----+-----------+



================================================================
== Interface
================================================================
* Summary: 
+--------------------+-----+-----+--------------+--------------------------+--------------+
|      RTL Ports     | Dir | Bits|   Protocol   |       Source Object      |    C Type    |
+--------------------+-----+-----+--------------+--------------------------+--------------+
|ap_clk              |  in |    1| ap_ctrl_none | StreamingFCLayer_Batch_0 | return value |
|ap_rst_n            |  in |    1| ap_ctrl_none | StreamingFCLayer_Batch_0 | return value |
|in0_V_V_TDATA       |  in |    8|     axis     |          in0_V_V         |    pointer   |
|in0_V_V_TVALID      |  in |    1|     axis     |          in0_V_V         |    pointer   |
|in0_V_V_TREADY      | out |    1|     axis     |          in0_V_V         |    pointer   |
|weights_V_V_TDATA   |  in |    8|     axis     |        weights_V_V       |    pointer   |
|weights_V_V_TVALID  |  in |    1|     axis     |        weights_V_V       |    pointer   |
|weights_V_V_TREADY  | out |    1|     axis     |        weights_V_V       |    pointer   |
|out_V_V_TDATA       | out |    8|     axis     |          out_V_V         |    pointer   |
|out_V_V_TVALID      | out |    1|     axis     |          out_V_V         |    pointer   |
|out_V_V_TREADY      |  in |    1|     axis     |          out_V_V         |    pointer   |
+--------------------+-----+-----+--------------+--------------------------+--------------+

============================================================
+ Verbose Summary: Synthesis Manager
============================================================
InlineROM: 1
ExposeGlobal: 0
============================================================
+ Verbose Summary: CDFG Model
============================================================
IsTopModel: 1
ResetActiveHigh: 1
IsCombinational: 2
IsDatapathOnly: 2
HasWiredReturn: 1
HasMFsm: 0
HasVarLatency: 1
IsPipeline: 0
IsRtlPipelined: 0
IsInstanceOverlapped: 0
IsDontTouch: 0
HasImplIP: 0
IsGatedGlobalClock: 0


============================================================
+ Verbose Summary: Schedule
============================================================
* Number of FSM states : 4
* Pipeline : 0
* Dataflow Pipeline: 0

* FSM state transitions: 
1 --> 2 
2 --> 3 
3 --> 4 
4 --> 

* FSM state operations: 

State 1 <SV = 0> <Delay = 0.00>

State 2 <SV = 1> <Delay = 1.76>
ST_2 : Operation 5 [2/2] (1.76ns)   --->   "call fastcc void @Matrix_Vector_Activa(i8* %in0_V_V, i8* %out_V_V, i8* %weights_V_V)" [/home/grgov/Diplomski_rad/finn_modified_docker_output_dir/code_gen_ipgen_StreamingFCLayer_Batch_0__usd14fq/top_StreamingFCLayer_Batch_0.cpp:40]   --->   Operation 5 'call' <Predicate = true> <Delay = 1.76> <CoreType = "Generic">   --->   Core 0 '' <Latency = 0> <II = 1> <Delay = 1.00> <Generic> <Opcode : >

State 3 <SV = 2> <Delay = 7.57>
ST_3 : Operation 6 [1/2] (7.57ns)   --->   "call fastcc void @Matrix_Vector_Activa(i8* %in0_V_V, i8* %out_V_V, i8* %weights_V_V)" [/home/grgov/Diplomski_rad/finn_modified_docker_output_dir/code_gen_ipgen_StreamingFCLayer_Batch_0__usd14fq/top_StreamingFCLayer_Batch_0.cpp:40]   --->   Operation 6 'call' <Predicate = true> <Delay = 7.57> <CoreType = "Generic">   --->   Core 0 '' <Latency = 0> <II = 1> <Delay = 1.00> <Generic> <Opcode : >

State 4 <SV = 3> <Delay = 0.00>
ST_4 : Operation 7 [1/1] (0.00ns)   --->   "call void (...)* @_ssdm_op_SpecBitsMap(i8* %in0_V_V), !map !121"   --->   Operation 7 'specbitsmap' <Predicate = true> <Delay = 0.00>
ST_4 : Operation 8 [1/1] (0.00ns)   --->   "call void (...)* @_ssdm_op_SpecBitsMap(i8* %weights_V_V), !map !125"   --->   Operation 8 'specbitsmap' <Predicate = true> <Delay = 0.00>
ST_4 : Operation 9 [1/1] (0.00ns)   --->   "call void (...)* @_ssdm_op_SpecBitsMap(i8* %out_V_V), !map !129"   --->   Operation 9 'specbitsmap' <Predicate = true> <Delay = 0.00>
ST_4 : Operation 10 [1/1] (0.00ns)   --->   "call void (...)* @_ssdm_op_SpecTopModule([25 x i8]* @StreamingFCLayer_Bat) nounwind"   --->   Operation 10 'spectopmodule' <Predicate = true> <Delay = 0.00>
ST_4 : Operation 11 [1/1] (0.00ns)   --->   "call void (...)* @_ssdm_op_SpecInterface(i8* %in0_V_V, [5 x i8]* @p_str, i32 1, i32 1, [5 x i8]* @p_str2, i32 0, i32 0, [1 x i8]* @p_str3, [1 x i8]* @p_str3, [1 x i8]* @p_str3, i32 0, i32 0, i32 0, i32 0, [1 x i8]* @p_str3, [1 x i8]* @p_str3) nounwind" [/home/grgov/Diplomski_rad/finn_modified_docker_output_dir/code_gen_ipgen_StreamingFCLayer_Batch_0__usd14fq/top_StreamingFCLayer_Batch_0.cpp:31]   --->   Operation 11 'specinterface' <Predicate = true> <Delay = 0.00>
ST_4 : Operation 12 [1/1] (0.00ns)   --->   "call void (...)* @_ssdm_op_SpecInterface(i8* %out_V_V, [5 x i8]* @p_str, i32 1, i32 1, [5 x i8]* @p_str2, i32 0, i32 0, [1 x i8]* @p_str3, [1 x i8]* @p_str3, [1 x i8]* @p_str3, i32 0, i32 0, i32 0, i32 0, [1 x i8]* @p_str3, [1 x i8]* @p_str3) nounwind" [/home/grgov/Diplomski_rad/finn_modified_docker_output_dir/code_gen_ipgen_StreamingFCLayer_Batch_0__usd14fq/top_StreamingFCLayer_Batch_0.cpp:32]   --->   Operation 12 'specinterface' <Predicate = true> <Delay = 0.00>
ST_4 : Operation 13 [1/1] (0.00ns)   --->   "call void (...)* @_ssdm_op_SpecInterface(i32 0, [13 x i8]* @p_str4, i32 0, i32 0, [1 x i8]* @p_str3, i32 0, i32 0, [1 x i8]* @p_str3, [1 x i8]* @p_str3, [1 x i8]* @p_str3, i32 0, i32 0, i32 0, i32 0, [1 x i8]* @p_str3, [1 x i8]* @p_str3) nounwind" [/home/grgov/Diplomski_rad/finn_modified_docker_output_dir/code_gen_ipgen_StreamingFCLayer_Batch_0__usd14fq/top_StreamingFCLayer_Batch_0.cpp:35]   --->   Operation 13 'specinterface' <Predicate = true> <Delay = 0.00>
ST_4 : Operation 14 [1/1] (0.00ns)   --->   "call void (...)* @_ssdm_op_SpecInterface(i8* %weights_V_V, [5 x i8]* @p_str, i32 1, i32 1, [5 x i8]* @p_str2, i32 0, i32 0, [1 x i8]* @p_str3, [1 x i8]* @p_str3, [1 x i8]* @p_str3, i32 0, i32 0, i32 0, i32 0, [1 x i8]* @p_str3, [1 x i8]* @p_str3) nounwind" [/home/grgov/Diplomski_rad/finn_modified_docker_output_dir/code_gen_ipgen_StreamingFCLayer_Batch_0__usd14fq/top_StreamingFCLayer_Batch_0.cpp:36]   --->   Operation 14 'specinterface' <Predicate = true> <Delay = 0.00>
ST_4 : Operation 15 [1/1] (0.00ns)   --->   "ret void" [/home/grgov/Diplomski_rad/finn_modified_docker_output_dir/code_gen_ipgen_StreamingFCLayer_Batch_0__usd14fq/top_StreamingFCLayer_Batch_0.cpp:42]   --->   Operation 15 'ret' <Predicate = true> <Delay = 0.00>


============================================================
+ Verbose Summary: Binding
============================================================
STG Binding: 
---------------- STG Properties BEGIN ----------------
- Is combinational: 0
- Is one-state seq: 0
- Is datapath-only: 0
- Is pipelined: 0
- Is top level: 1
Port [ Return ] is wired: 1; IO mode=ap_ctrl_none:ce=0
Port [ in0_V_V]:  wired=1; compound=1; hidden=0; nouse=0; global=0; static=0; extern=0; dir=0; type=0; pingpong=0; private_global=0; IO mode=axis:ce=0
Port [ weights_V_V]:  wired=1; compound=1; hidden=0; nouse=0; global=0; static=0; extern=0; dir=0; type=0; pingpong=0; private_global=0; IO mode=axis:ce=0
Port [ out_V_V]:  wired=1; compound=1; hidden=0; nouse=0; global=0; static=0; extern=0; dir=1; type=0; pingpong=0; private_global=0; IO mode=axis:ce=0
Port [ threshs_m_thresholds_27]:  wired=0; compound=1; hidden=1; nouse=1; global=1; static=1; extern=0; dir=0; type=1; pingpong=0; private_global=0; linkage=7; visibility=0; MemPort=[1]; IO mode=ap_memory:ce=0
Port [ threshs_m_thresholds_26]:  wired=0; compound=1; hidden=1; nouse=1; global=1; static=1; extern=0; dir=0; type=1; pingpong=0; private_global=0; linkage=7; visibility=0; MemPort=[1]; IO mode=ap_memory:ce=0
Port [ threshs_m_thresholds_21]:  wired=0; compound=1; hidden=1; nouse=1; global=1; static=1; extern=0; dir=0; type=1; pingpong=0; private_global=0; linkage=7; visibility=0; MemPort=[1]; IO mode=ap_memory:ce=0
Port [ threshs_m_thresholds_20]:  wired=0; compound=1; hidden=1; nouse=1; global=1; static=1; extern=0; dir=0; type=1; pingpong=0; private_global=0; linkage=7; visibility=0; MemPort=[1]; IO mode=ap_memory:ce=0
Port [ threshs_m_thresholds_19]:  wired=0; compound=1; hidden=1; nouse=1; global=1; static=1; extern=0; dir=0; type=1; pingpong=0; private_global=0; linkage=7; visibility=0; MemPort=[1]; IO mode=ap_memory:ce=0
Port [ threshs_m_thresholds_18]:  wired=0; compound=1; hidden=1; nouse=1; global=1; static=1; extern=0; dir=0; type=1; pingpong=0; private_global=0; linkage=7; visibility=0; MemPort=[1]; IO mode=ap_memory:ce=0
Port [ threshs_m_thresholds_17]:  wired=0; compound=1; hidden=1; nouse=1; global=1; static=1; extern=0; dir=0; type=1; pingpong=0; private_global=0; linkage=7; visibility=0; MemPort=[1]; IO mode=ap_memory:ce=0
Port [ threshs_m_thresholds_16]:  wired=0; compound=1; hidden=1; nouse=1; global=1; static=1; extern=0; dir=0; type=1; pingpong=0; private_global=0; linkage=7; visibility=0; MemPort=[1]; IO mode=ap_memory:ce=0
Port [ threshs_m_thresholds_15]:  wired=0; compound=1; hidden=1; nouse=1; global=1; static=1; extern=0; dir=0; type=1; pingpong=0; private_global=0; linkage=7; visibility=0; MemPort=[1]; IO mode=ap_memory:ce=0
Port [ threshs_m_thresholds_14]:  wired=0; compound=1; hidden=1; nouse=1; global=1; static=1; extern=0; dir=0; type=1; pingpong=0; private_global=0; linkage=7; visibility=0; MemPort=[1]; IO mode=ap_memory:ce=0
Port [ threshs_m_thresholds_25]:  wired=0; compound=1; hidden=1; nouse=1; global=1; static=1; extern=0; dir=0; type=1; pingpong=0; private_global=0; linkage=7; visibility=0; MemPort=[1]; IO mode=ap_memory:ce=0
Port [ threshs_m_thresholds_24]:  wired=0; compound=1; hidden=1; nouse=1; global=1; static=1; extern=0; dir=0; type=1; pingpong=0; private_global=0; linkage=7; visibility=0; MemPort=[1]; IO mode=ap_memory:ce=0
Port [ threshs_m_thresholds_23]:  wired=0; compound=1; hidden=1; nouse=1; global=1; static=1; extern=0; dir=0; type=1; pingpong=0; private_global=0; linkage=7; visibility=0; MemPort=[1]; IO mode=ap_memory:ce=0
Port [ threshs_m_thresholds_22]:  wired=0; compound=1; hidden=1; nouse=1; global=1; static=1; extern=0; dir=0; type=1; pingpong=0; private_global=0; linkage=7; visibility=0; MemPort=[1]; IO mode=ap_memory:ce=0
Port [ threshs_m_thresholds_13]:  wired=0; compound=1; hidden=1; nouse=1; global=1; static=1; extern=0; dir=0; type=1; pingpong=0; private_global=0; linkage=7; visibility=0; MemPort=[1]; IO mode=ap_memory:ce=0
Port [ threshs_m_thresholds_12]:  wired=0; compound=1; hidden=1; nouse=1; global=1; static=1; extern=0; dir=0; type=1; pingpong=0; private_global=0; linkage=7; visibility=0; MemPort=[1]; IO mode=ap_memory:ce=0
Port [ threshs_m_thresholds_7]:  wired=0; compound=1; hidden=1; nouse=1; global=1; static=1; extern=0; dir=0; type=1; pingpong=0; private_global=0; linkage=7; visibility=0; MemPort=[1]; IO mode=ap_memory:ce=0
Port [ threshs_m_thresholds_6]:  wired=0; compound=1; hidden=1; nouse=1; global=1; static=1; extern=0; dir=0; type=1; pingpong=0; private_global=0; linkage=7; visibility=0; MemPort=[1]; IO mode=ap_memory:ce=0
Port [ threshs_m_thresholds_5]:  wired=0; compound=1; hidden=1; nouse=1; global=1; static=1; extern=0; dir=0; type=1; pingpong=0; private_global=0; linkage=7; visibility=0; MemPort=[1]; IO mode=ap_memory:ce=0
Port [ threshs_m_thresholds_4]:  wired=0; compound=1; hidden=1; nouse=1; global=1; static=1; extern=0; dir=0; type=1; pingpong=0; private_global=0; linkage=7; visibility=0; MemPort=[1]; IO mode=ap_memory:ce=0
Port [ threshs_m_thresholds_3]:  wired=0; compound=1; hidden=1; nouse=1; global=1; static=1; extern=0; dir=0; type=1; pingpong=0; private_global=0; linkage=7; visibility=0; MemPort=[1]; IO mode=ap_memory:ce=0
Port [ threshs_m_thresholds_2]:  wired=0; compound=1; hidden=1; nouse=1; global=1; static=1; extern=0; dir=0; type=1; pingpong=0; private_global=0; linkage=7; visibility=0; MemPort=[1]; IO mode=ap_memory:ce=0
Port [ threshs_m_thresholds_1]:  wired=0; compound=1; hidden=1; nouse=1; global=1; static=1; extern=0; dir=0; type=1; pingpong=0; private_global=0; linkage=7; visibility=0; MemPort=[1]; IO mode=ap_memory:ce=0
Port [ threshs_m_thresholds]:  wired=0; compound=1; hidden=1; nouse=1; global=1; static=1; extern=0; dir=0; type=1; pingpong=0; private_global=0; linkage=7; visibility=0; MemPort=[1]; IO mode=ap_memory:ce=0
Port [ threshs_m_thresholds_11]:  wired=0; compound=1; hidden=1; nouse=1; global=1; static=1; extern=0; dir=0; type=1; pingpong=0; private_global=0; linkage=7; visibility=0; MemPort=[1]; IO mode=ap_memory:ce=0
Port [ threshs_m_thresholds_10]:  wired=0; compound=1; hidden=1; nouse=1; global=1; static=1; extern=0; dir=0; type=1; pingpong=0; private_global=0; linkage=7; visibility=0; MemPort=[1]; IO mode=ap_memory:ce=0
Port [ threshs_m_thresholds_9]:  wired=0; compound=1; hidden=1; nouse=1; global=1; static=1; extern=0; dir=0; type=1; pingpong=0; private_global=0; linkage=7; visibility=0; MemPort=[1]; IO mode=ap_memory:ce=0
Port [ threshs_m_thresholds_8]:  wired=0; compound=1; hidden=1; nouse=1; global=1; static=1; extern=0; dir=0; type=1; pingpong=0; private_global=0; linkage=7; visibility=0; MemPort=[1]; IO mode=ap_memory:ce=0
---------------- STG Properties END ------------------

---------------- Datapath Model BEGIN ----------------

<LifeTime>
<method=bitvector/>
call_ln40          (call         ) [ 00000]
specbitsmap_ln0    (specbitsmap  ) [ 00000]
specbitsmap_ln0    (specbitsmap  ) [ 00000]
specbitsmap_ln0    (specbitsmap  ) [ 00000]
spectopmodule_ln0  (spectopmodule) [ 00000]
specinterface_ln31 (specinterface) [ 00000]
specinterface_ln32 (specinterface) [ 00000]
specinterface_ln35 (specinterface) [ 00000]
specinterface_ln36 (specinterface) [ 00000]
ret_ln42           (ret          ) [ 00000]
</LifeTime>

<model>

<comp_list>
<comp id="0" class="1000" name="in0_V_V">
<pin_list>
<pin id="1" dir="1" index="0" bw="1" slack="0"/>
</pin_list>
<bind>
<StgValue><ssdm name="in0_V_V"/></StgValue>
</bind>
</comp>

<comp id="2" class="1000" name="weights_V_V">
<pin_list>
<pin id="3" dir="1" index="0" bw="1" slack="0"/>
</pin_list>
<bind>
<StgValue><ssdm name="weights_V_V"/></StgValue>
</bind>
</comp>

<comp id="4" class="1000" name="out_V_V">
<pin_list>
<pin id="5" dir="1" index="0" bw="1" slack="0"/>
</pin_list>
<bind>
<StgValue><ssdm name="out_V_V"/></StgValue>
</bind>
</comp>

<comp id="6" class="1000" name="threshs_m_thresholds_27">
<pin_list>
<pin id="7" dir="1" index="0" bw="1" slack="0"/>
</pin_list>
<bind>
<StgValue><ssdm name="threshs_m_thresholds_27"/><MemPortTyVec>1 </MemPortTyVec>
</StgValue>
</bind>
</comp>

<comp id="8" class="1000" name="threshs_m_thresholds_26">
<pin_list>
<pin id="9" dir="1" index="0" bw="1" slack="0"/>
</pin_list>
<bind>
<StgValue><ssdm name="threshs_m_thresholds_26"/><MemPortTyVec>1 </MemPortTyVec>
</StgValue>
</bind>
</comp>

<comp id="10" class="1000" name="threshs_m_thresholds_21">
<pin_list>
<pin id="11" dir="1" index="0" bw="1" slack="0"/>
</pin_list>
<bind>
<StgValue><ssdm name="threshs_m_thresholds_21"/><MemPortTyVec>1 </MemPortTyVec>
</StgValue>
</bind>
</comp>

<comp id="12" class="1000" name="threshs_m_thresholds_20">
<pin_list>
<pin id="13" dir="1" index="0" bw="1" slack="0"/>
</pin_list>
<bind>
<StgValue><ssdm name="threshs_m_thresholds_20"/><MemPortTyVec>1 </MemPortTyVec>
</StgValue>
</bind>
</comp>

<comp id="14" class="1000" name="threshs_m_thresholds_19">
<pin_list>
<pin id="15" dir="1" index="0" bw="1" slack="0"/>
</pin_list>
<bind>
<StgValue><ssdm name="threshs_m_thresholds_19"/><MemPortTyVec>1 </MemPortTyVec>
</StgValue>
</bind>
</comp>

<comp id="16" class="1000" name="threshs_m_thresholds_18">
<pin_list>
<pin id="17" dir="1" index="0" bw="1" slack="0"/>
</pin_list>
<bind>
<StgValue><ssdm name="threshs_m_thresholds_18"/><MemPortTyVec>1 </MemPortTyVec>
</StgValue>
</bind>
</comp>

<comp id="18" class="1000" name="threshs_m_thresholds_17">
<pin_list>
<pin id="19" dir="1" index="0" bw="1" slack="0"/>
</pin_list>
<bind>
<StgValue><ssdm name="threshs_m_thresholds_17"/><MemPortTyVec>1 </MemPortTyVec>
</StgValue>
</bind>
</comp>

<comp id="20" class="1000" name="threshs_m_thresholds_16">
<pin_list>
<pin id="21" dir="1" index="0" bw="1" slack="0"/>
</pin_list>
<bind>
<StgValue><ssdm name="threshs_m_thresholds_16"/><MemPortTyVec>1 </MemPortTyVec>
</StgValue>
</bind>
</comp>

<comp id="22" class="1000" name="threshs_m_thresholds_15">
<pin_list>
<pin id="23" dir="1" index="0" bw="1" slack="0"/>
</pin_list>
<bind>
<StgValue><ssdm name="threshs_m_thresholds_15"/><MemPortTyVec>1 </MemPortTyVec>
</StgValue>
</bind>
</comp>

<comp id="24" class="1000" name="threshs_m_thresholds_14">
<pin_list>
<pin id="25" dir="1" index="0" bw="1" slack="0"/>
</pin_list>
<bind>
<StgValue><ssdm name="threshs_m_thresholds_14"/><MemPortTyVec>1 </MemPortTyVec>
</StgValue>
</bind>
</comp>

<comp id="26" class="1000" name="threshs_m_thresholds_25">
<pin_list>
<pin id="27" dir="1" index="0" bw="1" slack="0"/>
</pin_list>
<bind>
<StgValue><ssdm name="threshs_m_thresholds_25"/><MemPortTyVec>1 </MemPortTyVec>
</StgValue>
</bind>
</comp>

<comp id="28" class="1000" name="threshs_m_thresholds_24">
<pin_list>
<pin id="29" dir="1" index="0" bw="1" slack="0"/>
</pin_list>
<bind>
<StgValue><ssdm name="threshs_m_thresholds_24"/><MemPortTyVec>1 </MemPortTyVec>
</StgValue>
</bind>
</comp>

<comp id="30" class="1000" name="threshs_m_thresholds_23">
<pin_list>
<pin id="31" dir="1" index="0" bw="1" slack="0"/>
</pin_list>
<bind>
<StgValue><ssdm name="threshs_m_thresholds_23"/><MemPortTyVec>1 </MemPortTyVec>
</StgValue>
</bind>
</comp>

<comp id="32" class="1000" name="threshs_m_thresholds_22">
<pin_list>
<pin id="33" dir="1" index="0" bw="1" slack="0"/>
</pin_list>
<bind>
<StgValue><ssdm name="threshs_m_thresholds_22"/><MemPortTyVec>1 </MemPortTyVec>
</StgValue>
</bind>
</comp>

<comp id="34" class="1000" name="threshs_m_thresholds_13">
<pin_list>
<pin id="35" dir="1" index="0" bw="1" slack="0"/>
</pin_list>
<bind>
<StgValue><ssdm name="threshs_m_thresholds_13"/><MemPortTyVec>1 </MemPortTyVec>
</StgValue>
</bind>
</comp>

<comp id="36" class="1000" name="threshs_m_thresholds_12">
<pin_list>
<pin id="37" dir="1" index="0" bw="1" slack="0"/>
</pin_list>
<bind>
<StgValue><ssdm name="threshs_m_thresholds_12"/><MemPortTyVec>1 </MemPortTyVec>
</StgValue>
</bind>
</comp>

<comp id="38" class="1000" name="threshs_m_thresholds_7">
<pin_list>
<pin id="39" dir="1" index="0" bw="1" slack="0"/>
</pin_list>
<bind>
<StgValue><ssdm name="threshs_m_thresholds_7"/><MemPortTyVec>1 </MemPortTyVec>
</StgValue>
</bind>
</comp>

<comp id="40" class="1000" name="threshs_m_thresholds_6">
<pin_list>
<pin id="41" dir="1" index="0" bw="1" slack="0"/>
</pin_list>
<bind>
<StgValue><ssdm name="threshs_m_thresholds_6"/><MemPortTyVec>1 </MemPortTyVec>
</StgValue>
</bind>
</comp>

<comp id="42" class="1000" name="threshs_m_thresholds_5">
<pin_list>
<pin id="43" dir="1" index="0" bw="1" slack="0"/>
</pin_list>
<bind>
<StgValue><ssdm name="threshs_m_thresholds_5"/><MemPortTyVec>1 </MemPortTyVec>
</StgValue>
</bind>
</comp>

<comp id="44" class="1000" name="threshs_m_thresholds_4">
<pin_list>
<pin id="45" dir="1" index="0" bw="1" slack="0"/>
</pin_list>
<bind>
<StgValue><ssdm name="threshs_m_thresholds_4"/><MemPortTyVec>1 </MemPortTyVec>
</StgValue>
</bind>
</comp>

<comp id="46" class="1000" name="threshs_m_thresholds_3">
<pin_list>
<pin id="47" dir="1" index="0" bw="1" slack="0"/>
</pin_list>
<bind>
<StgValue><ssdm name="threshs_m_thresholds_3"/><MemPortTyVec>1 </MemPortTyVec>
</StgValue>
</bind>
</comp>

<comp id="48" class="1000" name="threshs_m_thresholds_2">
<pin_list>
<pin id="49" dir="1" index="0" bw="1" slack="0"/>
</pin_list>
<bind>
<StgValue><ssdm name="threshs_m_thresholds_2"/><MemPortTyVec>1 </MemPortTyVec>
</StgValue>
</bind>
</comp>

<comp id="50" class="1000" name="threshs_m_thresholds_1">
<pin_list>
<pin id="51" dir="1" index="0" bw="1" slack="0"/>
</pin_list>
<bind>
<StgValue><ssdm name="threshs_m_thresholds_1"/><MemPortTyVec>1 </MemPortTyVec>
</StgValue>
</bind>
</comp>

<comp id="52" class="1000" name="threshs_m_thresholds">
<pin_list>
<pin id="53" dir="1" index="0" bw="1" slack="0"/>
</pin_list>
<bind>
<StgValue><ssdm name="threshs_m_thresholds"/><MemPortTyVec>1 </MemPortTyVec>
</StgValue>
</bind>
</comp>

<comp id="54" class="1000" name="threshs_m_thresholds_11">
<pin_list>
<pin id="55" dir="1" index="0" bw="1" slack="0"/>
</pin_list>
<bind>
<StgValue><ssdm name="threshs_m_thresholds_11"/><MemPortTyVec>1 </MemPortTyVec>
</StgValue>
</bind>
</comp>

<comp id="56" class="1000" name="threshs_m_thresholds_10">
<pin_list>
<pin id="57" dir="1" index="0" bw="1" slack="0"/>
</pin_list>
<bind>
<StgValue><ssdm name="threshs_m_thresholds_10"/><MemPortTyVec>1 </MemPortTyVec>
</StgValue>
</bind>
</comp>

<comp id="58" class="1000" name="threshs_m_thresholds_9">
<pin_list>
<pin id="59" dir="1" index="0" bw="1" slack="0"/>
</pin_list>
<bind>
<StgValue><ssdm name="threshs_m_thresholds_9"/><MemPortTyVec>1 </MemPortTyVec>
</StgValue>
</bind>
</comp>

<comp id="60" class="1000" name="threshs_m_thresholds_8">
<pin_list>
<pin id="61" dir="1" index="0" bw="1" slack="0"/>
</pin_list>
<bind>
<StgValue><ssdm name="threshs_m_thresholds_8"/><MemPortTyVec>1 </MemPortTyVec>
</StgValue>
</bind>
</comp>

<comp id="62" class="1001" name="const_62">
<pin_list>
<pin id="63" dir="1" index="0" bw="1" slack="0"/>
</pin_list>
<bind>
<StgValue><ssdm name="Matrix_Vector_Activa"/></StgValue>
</bind>
</comp>

<comp id="64" class="1001" name="const_64">
<pin_list>
<pin id="65" dir="1" index="0" bw="1" slack="2147483647"/>
</pin_list>
<bind>
<StgValue><ssdm name="_ssdm_op_SpecBitsMap"/></StgValue>
</bind>
</comp>

<comp id="66" class="1001" name="const_66">
<pin_list>
<pin id="67" dir="1" index="0" bw="1" slack="2147483647"/>
</pin_list>
<bind>
<StgValue><ssdm name="_ssdm_op_SpecTopModule"/></StgValue>
</bind>
</comp>

<comp id="68" class="1001" name="const_68">
<pin_list>
<pin id="69" dir="1" index="0" bw="1" slack="2147483647"/>
</pin_list>
<bind>
<StgValue><ssdm name="StreamingFCLayer_Bat"/></StgValue>
</bind>
</comp>

<comp id="70" class="1001" name="const_70">
<pin_list>
<pin id="71" dir="1" index="0" bw="1" slack="2147483647"/>
</pin_list>
<bind>
<StgValue><ssdm name="_ssdm_op_SpecInterface"/></StgValue>
</bind>
</comp>

<comp id="72" class="1001" name="const_72">
<pin_list>
<pin id="73" dir="1" index="0" bw="1" slack="2147483647"/>
</pin_list>
<bind>
<StgValue><ssdm name="p_str"/></StgValue>
</bind>
</comp>

<comp id="74" class="1001" name="const_74">
<pin_list>
<pin id="75" dir="1" index="0" bw="1" slack="2147483647"/>
</pin_list>
<bind>
<StgValue><ssdm name=""/></StgValue>
</bind>
</comp>

<comp id="76" class="1001" name="const_76">
<pin_list>
<pin id="77" dir="1" index="0" bw="1" slack="2147483647"/>
</pin_list>
<bind>
<StgValue><ssdm name="p_str2"/></StgValue>
</bind>
</comp>

<comp id="78" class="1001" name="const_78">
<pin_list>
<pin id="79" dir="1" index="0" bw="1" slack="2147483647"/>
</pin_list>
<bind>
<StgValue><ssdm name=""/></StgValue>
</bind>
</comp>

<comp id="80" class="1001" name="const_80">
<pin_list>
<pin id="81" dir="1" index="0" bw="1" slack="2147483647"/>
</pin_list>
<bind>
<StgValue><ssdm name="p_str3"/></StgValue>
</bind>
</comp>

<comp id="82" class="1001" name="const_82">
<pin_list>
<pin id="83" dir="1" index="0" bw="1" slack="2147483647"/>
</pin_list>
<bind>
<StgValue><ssdm name="p_str4"/></StgValue>
</bind>
</comp>

<comp id="84" class="1004" name="grp_Matrix_Vector_Activa_fu_84">
<pin_list>
<pin id="85" dir="0" index="0" bw="0" slack="0"/>
<pin id="86" dir="0" index="1" bw="8" slack="0"/>
<pin id="87" dir="0" index="2" bw="8" slack="0"/>
<pin id="88" dir="0" index="3" bw="8" slack="0"/>
<pin id="89" dir="0" index="4" bw="16" slack="0"/>
<pin id="90" dir="0" index="5" bw="16" slack="0"/>
<pin id="91" dir="0" index="6" bw="16" slack="0"/>
<pin id="92" dir="0" index="7" bw="16" slack="0"/>
<pin id="93" dir="0" index="8" bw="16" slack="0"/>
<pin id="94" dir="0" index="9" bw="16" slack="0"/>
<pin id="95" dir="0" index="10" bw="16" slack="0"/>
<pin id="96" dir="0" index="11" bw="16" slack="0"/>
<pin id="97" dir="0" index="12" bw="16" slack="0"/>
<pin id="98" dir="0" index="13" bw="16" slack="0"/>
<pin id="99" dir="0" index="14" bw="16" slack="0"/>
<pin id="100" dir="0" index="15" bw="16" slack="0"/>
<pin id="101" dir="0" index="16" bw="16" slack="0"/>
<pin id="102" dir="0" index="17" bw="16" slack="0"/>
<pin id="103" dir="0" index="18" bw="16" slack="0"/>
<pin id="104" dir="0" index="19" bw="16" slack="0"/>
<pin id="105" dir="0" index="20" bw="16" slack="0"/>
<pin id="106" dir="0" index="21" bw="16" slack="0"/>
<pin id="107" dir="0" index="22" bw="16" slack="0"/>
<pin id="108" dir="0" index="23" bw="16" slack="0"/>
<pin id="109" dir="0" index="24" bw="16" slack="0"/>
<pin id="110" dir="0" index="25" bw="16" slack="0"/>
<pin id="111" dir="0" index="26" bw="16" slack="0"/>
<pin id="112" dir="0" index="27" bw="16" slack="0"/>
<pin id="113" dir="0" index="28" bw="16" slack="0"/>
<pin id="114" dir="0" index="29" bw="16" slack="0"/>
<pin id="115" dir="0" index="30" bw="16" slack="0"/>
<pin id="116" dir="0" index="31" bw="16" slack="0"/>
<pin id="117" dir="1" index="32" bw="0" slack="2147483647"/>
</pin_list>
<bind>
<opcode="call(48) " fcode="call"/>
<opset="call_ln40/2 "/>
</bind>
</comp>

</comp_list>

<net_list>
<net id="118"><net_src comp="62" pin="0"/><net_sink comp="84" pin=0"/></net>

<net id="119"><net_src comp="0" pin="0"/><net_sink comp="84" pin=1"/></net>

<net id="120"><net_src comp="4" pin="0"/><net_sink comp="84" pin=2"/></net>

<net id="121"><net_src comp="2" pin="0"/><net_sink comp="84" pin=3"/></net>

<net id="122"><net_src comp="6" pin="0"/><net_sink comp="84" pin=4"/></net>

<net id="123"><net_src comp="8" pin="0"/><net_sink comp="84" pin=5"/></net>

<net id="124"><net_src comp="10" pin="0"/><net_sink comp="84" pin=6"/></net>

<net id="125"><net_src comp="12" pin="0"/><net_sink comp="84" pin=7"/></net>

<net id="126"><net_src comp="14" pin="0"/><net_sink comp="84" pin=8"/></net>

<net id="127"><net_src comp="16" pin="0"/><net_sink comp="84" pin=9"/></net>

<net id="128"><net_src comp="18" pin="0"/><net_sink comp="84" pin=10"/></net>

<net id="129"><net_src comp="20" pin="0"/><net_sink comp="84" pin=11"/></net>

<net id="130"><net_src comp="22" pin="0"/><net_sink comp="84" pin=12"/></net>

<net id="131"><net_src comp="24" pin="0"/><net_sink comp="84" pin=13"/></net>

<net id="132"><net_src comp="26" pin="0"/><net_sink comp="84" pin=14"/></net>

<net id="133"><net_src comp="28" pin="0"/><net_sink comp="84" pin=15"/></net>

<net id="134"><net_src comp="30" pin="0"/><net_sink comp="84" pin=16"/></net>

<net id="135"><net_src comp="32" pin="0"/><net_sink comp="84" pin=17"/></net>

<net id="136"><net_src comp="34" pin="0"/><net_sink comp="84" pin=18"/></net>

<net id="137"><net_src comp="36" pin="0"/><net_sink comp="84" pin=19"/></net>

<net id="138"><net_src comp="38" pin="0"/><net_sink comp="84" pin=20"/></net>

<net id="139"><net_src comp="40" pin="0"/><net_sink comp="84" pin=21"/></net>

<net id="140"><net_src comp="42" pin="0"/><net_sink comp="84" pin=22"/></net>

<net id="141"><net_src comp="44" pin="0"/><net_sink comp="84" pin=23"/></net>

<net id="142"><net_src comp="46" pin="0"/><net_sink comp="84" pin=24"/></net>

<net id="143"><net_src comp="48" pin="0"/><net_sink comp="84" pin=25"/></net>

<net id="144"><net_src comp="50" pin="0"/><net_sink comp="84" pin=26"/></net>

<net id="145"><net_src comp="52" pin="0"/><net_sink comp="84" pin=27"/></net>

<net id="146"><net_src comp="54" pin="0"/><net_sink comp="84" pin=28"/></net>

<net id="147"><net_src comp="56" pin="0"/><net_sink comp="84" pin=29"/></net>

<net id="148"><net_src comp="58" pin="0"/><net_sink comp="84" pin=30"/></net>

<net id="149"><net_src comp="60" pin="0"/><net_sink comp="84" pin=31"/></net>

</net_list>

</model> 
---------------- Datapath Model END ------------------

* FSMD analyzer results:
  - Output states:
	Port: out_V_V | {2 3 }
 - Input state : 
	Port: StreamingFCLayer_Batch_0 : in0_V_V | {2 3 }
	Port: StreamingFCLayer_Batch_0 : weights_V_V | {2 3 }
	Port: StreamingFCLayer_Batch_0 : threshs_m_thresholds_27 | {2 3 }
	Port: StreamingFCLayer_Batch_0 : threshs_m_thresholds_26 | {2 3 }
	Port: StreamingFCLayer_Batch_0 : threshs_m_thresholds_21 | {2 3 }
	Port: StreamingFCLayer_Batch_0 : threshs_m_thresholds_20 | {2 3 }
	Port: StreamingFCLayer_Batch_0 : threshs_m_thresholds_19 | {2 3 }
	Port: StreamingFCLayer_Batch_0 : threshs_m_thresholds_18 | {2 3 }
	Port: StreamingFCLayer_Batch_0 : threshs_m_thresholds_17 | {2 3 }
	Port: StreamingFCLayer_Batch_0 : threshs_m_thresholds_16 | {2 3 }
	Port: StreamingFCLayer_Batch_0 : threshs_m_thresholds_15 | {2 3 }
	Port: StreamingFCLayer_Batch_0 : threshs_m_thresholds_14 | {2 3 }
	Port: StreamingFCLayer_Batch_0 : threshs_m_thresholds_25 | {2 3 }
	Port: StreamingFCLayer_Batch_0 : threshs_m_thresholds_24 | {2 3 }
	Port: StreamingFCLayer_Batch_0 : threshs_m_thresholds_23 | {2 3 }
	Port: StreamingFCLayer_Batch_0 : threshs_m_thresholds_22 | {2 3 }
	Port: StreamingFCLayer_Batch_0 : threshs_m_thresholds_13 | {2 3 }
	Port: StreamingFCLayer_Batch_0 : threshs_m_thresholds_12 | {2 3 }
	Port: StreamingFCLayer_Batch_0 : threshs_m_thresholds_7 | {2 3 }
	Port: StreamingFCLayer_Batch_0 : threshs_m_thresholds_6 | {2 3 }
	Port: StreamingFCLayer_Batch_0 : threshs_m_thresholds_5 | {2 3 }
	Port: StreamingFCLayer_Batch_0 : threshs_m_thresholds_4 | {2 3 }
	Port: StreamingFCLayer_Batch_0 : threshs_m_thresholds_3 | {2 3 }
	Port: StreamingFCLayer_Batch_0 : threshs_m_thresholds_2 | {2 3 }
	Port: StreamingFCLayer_Batch_0 : threshs_m_thresholds_1 | {2 3 }
	Port: StreamingFCLayer_Batch_0 : threshs_m_thresholds | {2 3 }
	Port: StreamingFCLayer_Batch_0 : threshs_m_thresholds_11 | {2 3 }
	Port: StreamingFCLayer_Batch_0 : threshs_m_thresholds_10 | {2 3 }
	Port: StreamingFCLayer_Batch_0 : threshs_m_thresholds_9 | {2 3 }
	Port: StreamingFCLayer_Batch_0 : threshs_m_thresholds_8 | {2 3 }
  - Chain level:
	State 1
	State 2
	State 3
	State 4


============================================================
+ Verbose Summary: Datapath Resource usage 
============================================================

* Functional unit list:
|----------|--------------------------------|---------|---------|---------|---------|
| Operation|         Functional Unit        |  DSP48E |  Delay  |    FF   |   LUT   |
|----------|--------------------------------|---------|---------|---------|---------|
|   call   | grp_Matrix_Vector_Activa_fu_84 |    0    |  49.532 |   583   |   1464  |
|----------|--------------------------------|---------|---------|---------|---------|
|   Total  |                                |    0    |  49.532 |   583   |   1464  |
|----------|--------------------------------|---------|---------|---------|---------|

Memories:
+-----------------------+--------+--------+--------+
|                       |  BRAM  |   FF   |   LUT  |
+-----------------------+--------+--------+--------+
|  threshs_m_thresholds |    0   |   16   |    8   |
| threshs_m_thresholds_1|    0   |   16   |    8   |
|threshs_m_thresholds_10|    0   |   16   |    8   |
|threshs_m_thresholds_11|    0   |   16   |    8   |
|threshs_m_thresholds_12|    0   |   16   |    8   |
|threshs_m_thresholds_13|    0   |   16   |    8   |
|threshs_m_thresholds_14|    0   |   16   |    8   |
|threshs_m_thresholds_15|    0   |   16   |    8   |
|threshs_m_thresholds_16|    0   |   16   |    8   |
|threshs_m_thresholds_17|    0   |   16   |    8   |
|threshs_m_thresholds_18|    0   |   16   |    8   |
|threshs_m_thresholds_19|    0   |   16   |    8   |
| threshs_m_thresholds_2|    0   |   16   |    8   |
|threshs_m_thresholds_20|    0   |   16   |    8   |
|threshs_m_thresholds_21|    0   |   16   |    8   |
|threshs_m_thresholds_22|    0   |   16   |    8   |
|threshs_m_thresholds_23|    0   |   16   |    8   |
|threshs_m_thresholds_24|    0   |   16   |    8   |
|threshs_m_thresholds_25|    0   |   16   |    8   |
|threshs_m_thresholds_26|    0   |   16   |    8   |
|threshs_m_thresholds_27|    0   |   16   |    8   |
| threshs_m_thresholds_3|    0   |   16   |    8   |
| threshs_m_thresholds_4|    0   |   16   |    8   |
| threshs_m_thresholds_5|    0   |   16   |    8   |
| threshs_m_thresholds_6|    0   |   16   |    8   |
| threshs_m_thresholds_7|    0   |   16   |    8   |
| threshs_m_thresholds_8|    0   |   16   |    8   |
| threshs_m_thresholds_9|    0   |   16   |    8   |
+-----------------------+--------+--------+--------+
|         Total         |    0   |   448  |   224  |
+-----------------------+--------+--------+--------+

* Register list:
N/A

* Multiplexer (MUX) list: 
|--------|------|------|------|--------|
|  Comp  |  Pin | Size |  BW  | S x BW |
|--------|------|------|------|--------|
|  Total |      |      |      |    0   |
|--------|------|------|------|--------|



* Summary:
+-----------+--------+--------+--------+--------+--------+
|           |  BRAM  | DSP48E |  Delay |   FF   |   LUT  |
+-----------+--------+--------+--------+--------+--------+
|  Function |    -   |    0   |   49   |   583  |  1464  |
|   Memory  |    0   |    -   |    -   |   448  |   224  |
|Multiplexer|    -   |    -   |    -   |    -   |    -   |
|  Register |    -   |    -   |    -   |    -   |    -   |
+-----------+--------+--------+--------+--------+--------+
|   Total   |    0   |    0   |   49   |  1031  |  1688  |
+-----------+--------+--------+--------+--------+--------+
