

================================================================
== Vivado HLS Report for 'Matrix_Vector_Activa'
================================================================
* Date:           Mon Mar  1 01:05:02 2021

* Version:        2020.1.1 (Build 2951007 on Wed Aug 05 23:24:06 MDT 2020)
* Project:        project_StreamingFCLayer_Batch_3
* Solution:       sol1
* Product family: zynq
* Target device:  xc7z020-clg400-1


================================================================
== Performance Estimates
================================================================
+ Timing: 
    * Summary: 
    +--------+----------+----------+------------+
    |  Clock |  Target  | Estimated| Uncertainty|
    +--------+----------+----------+------------+
    |ap_clk  | 10.00 ns | 8.123 ns |   1.25 ns  |
    +--------+----------+----------+------------+

+ Latency: 
    * Summary: 
    +---------+---------+-----------+-----------+---------+---------+---------+
    |  Latency (cycles) |   Latency (absolute)  |      Interval     | Pipeline|
    |   min   |   max   |    min    |    max    |   min   |   max   |   Type  |
    +---------+---------+-----------+-----------+---------+---------+---------+
    |  1843204|  1843204| 18.432 ms | 18.432 ms |  1843204|  1843204|   none  |
    +---------+---------+-----------+-----------+---------+---------+---------+

    + Detail: 
        * Instance: 
        N/A

        * Loop: 
        +----------+---------+---------+----------+-----------+-----------+---------+----------+
        |          |  Latency (cycles) | Iteration|  Initiation Interval  |   Trip  |          |
        | Loop Name|   min   |   max   |  Latency |  achieved |   target  |  Count  | Pipelined|
        +----------+---------+---------+----------+-----------+-----------+---------+----------+
        |- Loop 1  |  1843202|  1843202|         4|          1|          1|  1843200|    yes   |
        +----------+---------+---------+----------+-----------+-----------+---------+----------+



================================================================
== Utilization Estimates
================================================================
* Summary: 
+-----------------+---------+-------+--------+-------+-----+
|       Name      | BRAM_18K| DSP48E|   FF   |  LUT  | URAM|
+-----------------+---------+-------+--------+-------+-----+
|DSP              |        -|      -|       -|      -|    -|
|Expression       |        -|      -|       0|   1134|    -|
|FIFO             |        -|      -|       -|      -|    -|
|Instance         |        -|      0|       0|   1765|    -|
|Memory           |       28|      -|       0|      0|    -|
|Multiplexer      |        -|      -|       -|    117|    -|
|Register         |        0|      -|    4911|     32|    -|
+-----------------+---------+-------+--------+-------+-----+
|Total            |       28|      0|    4911|   3048|    0|
+-----------------+---------+-------+--------+-------+-----+
|Available        |      280|    220|  106400|  53200|    0|
+-----------------+---------+-------+--------+-------+-----+
|Utilization (%)  |       10|      0|       4|      5|    0|
+-----------------+---------+-------+--------+-------+-----+

+ Detail: 
    * Instance: 
    +-------------------------+----------------------+---------+-------+---+------+-----+
    |         Instance        |        Module        | BRAM_18K| DSP48E| FF|  LUT | URAM|
    +-------------------------+----------------------+---------+-------+---+------+-----+
    |StreamingFCLayer_DeQ_U1  |StreamingFCLayer_DeQ  |        0|      0|  0|  1573|    0|
    |StreamingFCLayer_Ee0_U2  |StreamingFCLayer_Ee0  |        0|      0|  0|    24|    0|
    |StreamingFCLayer_Ee0_U3  |StreamingFCLayer_Ee0  |        0|      0|  0|    24|    0|
    |StreamingFCLayer_Ee0_U4  |StreamingFCLayer_Ee0  |        0|      0|  0|    24|    0|
    |StreamingFCLayer_Ee0_U5  |StreamingFCLayer_Ee0  |        0|      0|  0|    24|    0|
    |StreamingFCLayer_Ee0_U6  |StreamingFCLayer_Ee0  |        0|      0|  0|    24|    0|
    |StreamingFCLayer_Ee0_U7  |StreamingFCLayer_Ee0  |        0|      0|  0|    24|    0|
    |StreamingFCLayer_Ee0_U8  |StreamingFCLayer_Ee0  |        0|      0|  0|    24|    0|
    |StreamingFCLayer_Ee0_U9  |StreamingFCLayer_Ee0  |        0|      0|  0|    24|    0|
    +-------------------------+----------------------+---------+-------+---+------+-----+
    |Total                    |                      |        0|      0|  0|  1765|    0|
    +-------------------------+----------------------+---------+-------+---+------+-----+

    * DSP48E: 
    N/A

    * Memory: 
    +---------------------------+----------------------+---------+---+----+-----+------+-----+------+-------------+
    |           Memory          |        Module        | BRAM_18K| FF| LUT| URAM| Words| Bits| Banks| W*Bits*Banks|
    +---------------------------+----------------------+---------+---+----+-----+------+-----+------+-------------+
    |threshs_m_thresholds_10_U  |Matrix_Vector_ActAem  |        1|  0|   0|    0|    64|   17|     1|         1088|
    |threshs_m_thresholds_9_U   |Matrix_Vector_ActBew  |        1|  0|   0|    0|    64|   17|     1|         1088|
    |threshs_m_thresholds_8_U   |Matrix_Vector_ActCeG  |        1|  0|   0|    0|    64|   17|     1|         1088|
    |threshs_m_thresholds_27_U  |Matrix_Vector_Actbkb  |        1|  0|   0|    0|    64|   17|     1|         1088|
    |threshs_m_thresholds_26_U  |Matrix_Vector_Actcud  |        1|  0|   0|    0|    64|   17|     1|         1088|
    |threshs_m_thresholds_21_U  |Matrix_Vector_ActdEe  |        1|  0|   0|    0|    64|   17|     1|         1088|
    |threshs_m_thresholds_20_U  |Matrix_Vector_ActeOg  |        1|  0|   0|    0|    64|   17|     1|         1088|
    |threshs_m_thresholds_19_U  |Matrix_Vector_ActfYi  |        1|  0|   0|    0|    64|   17|     1|         1088|
    |threshs_m_thresholds_18_U  |Matrix_Vector_Actg8j  |        1|  0|   0|    0|    64|   17|     1|         1088|
    |threshs_m_thresholds_17_U  |Matrix_Vector_Acthbi  |        1|  0|   0|    0|    64|   17|     1|         1088|
    |threshs_m_thresholds_16_U  |Matrix_Vector_Actibs  |        1|  0|   0|    0|    64|   17|     1|         1088|
    |threshs_m_thresholds_15_U  |Matrix_Vector_ActjbC  |        1|  0|   0|    0|    64|   17|     1|         1088|
    |threshs_m_thresholds_14_U  |Matrix_Vector_ActkbM  |        1|  0|   0|    0|    64|   17|     1|         1088|
    |threshs_m_thresholds_25_U  |Matrix_Vector_ActlbW  |        1|  0|   0|    0|    64|   17|     1|         1088|
    |threshs_m_thresholds_24_U  |Matrix_Vector_Actmb6  |        1|  0|   0|    0|    64|   17|     1|         1088|
    |threshs_m_thresholds_23_U  |Matrix_Vector_Actncg  |        1|  0|   0|    0|    64|   17|     1|         1088|
    |threshs_m_thresholds_22_U  |Matrix_Vector_Actocq  |        1|  0|   0|    0|    64|   17|     1|         1088|
    |threshs_m_thresholds_13_U  |Matrix_Vector_ActpcA  |        1|  0|   0|    0|    64|   17|     1|         1088|
    |threshs_m_thresholds_12_U  |Matrix_Vector_ActqcK  |        1|  0|   0|    0|    64|   17|     1|         1088|
    |threshs_m_thresholds_7_U   |Matrix_Vector_ActrcU  |        1|  0|   0|    0|    64|   17|     1|         1088|
    |threshs_m_thresholds_6_U   |Matrix_Vector_Actsc4  |        1|  0|   0|    0|    64|   17|     1|         1088|
    |threshs_m_thresholds_5_U   |Matrix_Vector_Acttde  |        1|  0|   0|    0|    64|   17|     1|         1088|
    |threshs_m_thresholds_4_U   |Matrix_Vector_Actudo  |        1|  0|   0|    0|    64|   17|     1|         1088|
    |threshs_m_thresholds_3_U   |Matrix_Vector_Actvdy  |        1|  0|   0|    0|    64|   17|     1|         1088|
    |threshs_m_thresholds_2_U   |Matrix_Vector_ActwdI  |        1|  0|   0|    0|    64|   17|     1|         1088|
    |threshs_m_thresholds_1_U   |Matrix_Vector_ActxdS  |        1|  0|   0|    0|    64|   17|     1|         1088|
    |threshs_m_thresholds_U     |Matrix_Vector_Actyd2  |        1|  0|   0|    0|    64|   17|     1|         1088|
    |threshs_m_thresholds_11_U  |Matrix_Vector_Actzec  |        1|  0|   0|    0|    64|   17|     1|         1088|
    +---------------------------+----------------------+---------+---+----+-----+------+-----+------+-------------+
    |Total                      |                      |       28|  0|   0|    0|  1792|  476|    28|        30464|
    +---------------------------+----------------------+---------+---+----+-----+------+-----+------+-------------+

    * FIFO: 
    N/A

    * Expression: 
    +----------------------------------+----------+-------+---+----+------------+------------+
    |           Variable Name          | Operation| DSP48E| FF| LUT| Bitwidth P0| Bitwidth P1|
    +----------------------------------+----------+-------+---+----+------------+------------+
    |accu_0_0_V_fu_6165_p2             |     +    |      0|  0|   7|          17|          17|
    |accu_0_1_V_fu_6183_p2             |     +    |      0|  0|   7|          17|          17|
    |add_ln700_10_fu_6531_p2           |     +    |      0|  0|  10|           2|           2|
    |add_ln700_11_fu_6541_p2           |     +    |      0|  0|  10|           2|           2|
    |add_ln700_12_fu_6551_p2           |     +    |      0|  0|  12|           3|           3|
    |add_ln700_13_fu_6561_p2           |     +    |      0|  0|   7|           4|           4|
    |add_ln700_14_fu_6567_p2           |     +    |      0|  0|   7|           2|           2|
    |add_ln700_15_fu_6573_p2           |     +    |      0|  0|   7|           2|           2|
    |add_ln700_16_fu_6583_p2           |     +    |      0|  0|  10|           2|           2|
    |add_ln700_17_fu_6593_p2           |     +    |      0|  0|  10|           2|           2|
    |add_ln700_18_fu_6603_p2           |     +    |      0|  0|   7|           3|           3|
    |add_ln700_19_fu_6609_p2           |     +    |      0|  0|   7|           3|           3|
    |add_ln700_1_fu_6001_p2            |     +    |      0|  0|   7|           9|           9|
    |add_ln700_20_fu_6619_p2           |     +    |      0|  0|   7|           4|           4|
    |add_ln700_21_fu_6737_p2           |     +    |      0|  0|  10|           2|           2|
    |add_ln700_22_fu_6747_p2           |     +    |      0|  0|  13|           4|           4|
    |add_ln700_23_fu_6753_p2           |     +    |      0|  0|  10|           2|           2|
    |add_ln700_24_fu_6763_p2           |     +    |      0|  0|  10|           2|           2|
    |add_ln700_25_fu_6773_p2           |     +    |      0|  0|  12|           3|           3|
    |add_ln700_26_fu_6783_p2           |     +    |      0|  0|   7|           4|           4|
    |add_ln700_27_fu_6789_p2           |     +    |      0|  0|   7|           2|           2|
    |add_ln700_28_fu_6795_p2           |     +    |      0|  0|   7|           2|           2|
    |add_ln700_29_fu_6805_p2           |     +    |      0|  0|  10|           2|           2|
    |add_ln700_2_fu_6007_p2            |     +    |      0|  0|   7|           9|           9|
    |add_ln700_30_fu_6815_p2           |     +    |      0|  0|  10|           2|           2|
    |add_ln700_31_fu_6825_p2           |     +    |      0|  0|   7|           3|           3|
    |add_ln700_32_fu_6831_p2           |     +    |      0|  0|   7|           3|           3|
    |add_ln700_33_fu_6841_p2           |     +    |      0|  0|   7|           4|           4|
    |add_ln700_4_fu_6174_p2            |     +    |      0|  0|   7|          17|          17|
    |add_ln700_5_fu_6061_p2            |     +    |      0|  0|   7|           9|           9|
    |add_ln700_6_fu_6067_p2            |     +    |      0|  0|   7|           9|           9|
    |add_ln700_8_fu_6515_p2            |     +    |      0|  0|  10|           2|           2|
    |add_ln700_9_fu_6525_p2            |     +    |      0|  0|  13|           4|           4|
    |add_ln700_fu_6156_p2              |     +    |      0|  0|   7|          17|          17|
    |i_fu_2891_p2                      |     +    |      0|  0|  28|          21|           1|
    |nf_fu_6108_p2                     |     +    |      0|  0|  39|          32|           1|
    |sf_fu_5886_p2                     |     +    |      0|  0|  39|           1|          32|
    |ap_block_pp0_stage0_01001         |    and   |      0|  0|   2|           1|           1|
    |ap_block_state5_io                |    and   |      0|  0|   2|           1|           1|
    |ap_predicate_op607_read_state2    |    and   |      0|  0|   2|           1|           1|
    |icmp_ln248_fu_2885_p2             |   icmp   |      0|  0|  18|          21|          19|
    |icmp_ln252_fu_2900_p2             |   icmp   |      0|  0|  18|          32|           1|
    |icmp_ln271_fu_5806_p2             |   icmp   |      0|  0|  18|          32|           1|
    |icmp_ln289_fu_5892_p2             |   icmp   |      0|  0|  18|          32|           9|
    |icmp_ln301_fu_6114_p2             |   icmp   |      0|  0|  18|          32|           7|
    |icmp_ln899_10_fu_6277_p2          |   icmp   |      0|  0|  18|          17|          17|
    |icmp_ln899_11_fu_6283_p2          |   icmp   |      0|  0|  18|          17|          17|
    |icmp_ln899_12_fu_6289_p2          |   icmp   |      0|  0|  18|          17|          17|
    |icmp_ln899_13_fu_6295_p2          |   icmp   |      0|  0|  18|          17|          17|
    |icmp_ln899_14_fu_6301_p2          |   icmp   |      0|  0|  18|          17|          17|
    |icmp_ln899_15_fu_6307_p2          |   icmp   |      0|  0|  18|          17|          17|
    |icmp_ln899_16_fu_6313_p2          |   icmp   |      0|  0|  18|          17|          17|
    |icmp_ln899_17_fu_6319_p2          |   icmp   |      0|  0|  18|          17|          17|
    |icmp_ln899_18_fu_6325_p2          |   icmp   |      0|  0|  18|          17|          17|
    |icmp_ln899_19_fu_6331_p2          |   icmp   |      0|  0|  18|          17|          17|
    |icmp_ln899_1_fu_6205_p2           |   icmp   |      0|  0|  18|          17|          17|
    |icmp_ln899_20_fu_6337_p2          |   icmp   |      0|  0|  18|          17|          17|
    |icmp_ln899_21_fu_6343_p2          |   icmp   |      0|  0|  18|          17|          17|
    |icmp_ln899_22_fu_6355_p2          |   icmp   |      0|  0|  18|          17|          17|
    |icmp_ln899_23_fu_6367_p2          |   icmp   |      0|  0|  18|          17|          17|
    |icmp_ln899_24_fu_6379_p2          |   icmp   |      0|  0|  18|          17|          17|
    |icmp_ln899_25_fu_6385_p2          |   icmp   |      0|  0|  18|          17|          17|
    |icmp_ln899_26_fu_6391_p2          |   icmp   |      0|  0|  18|          17|          17|
    |icmp_ln899_27_fu_6397_p2          |   icmp   |      0|  0|  18|          17|          17|
    |icmp_ln899_2_fu_6211_p2           |   icmp   |      0|  0|  18|          17|          17|
    |icmp_ln899_3_fu_6217_p2           |   icmp   |      0|  0|  18|          17|          17|
    |icmp_ln899_4_fu_6223_p2           |   icmp   |      0|  0|  18|          17|          17|
    |icmp_ln899_5_fu_6229_p2           |   icmp   |      0|  0|  18|          17|          17|
    |icmp_ln899_6_fu_6235_p2           |   icmp   |      0|  0|  18|          17|          17|
    |icmp_ln899_7_fu_6241_p2           |   icmp   |      0|  0|  18|          17|          17|
    |icmp_ln899_8_fu_6253_p2           |   icmp   |      0|  0|  18|          17|          17|
    |icmp_ln899_9_fu_6265_p2           |   icmp   |      0|  0|  18|          17|          17|
    |icmp_ln899_fu_6199_p2             |   icmp   |      0|  0|  18|          17|          17|
    |ap_block_pp0_stage0_11001         |    or    |      0|  0|   2|           1|           1|
    |ap_block_state2_pp0_stage0_iter0  |    or    |      0|  0|   2|           1|           1|
    |select_ln271_1_fu_6146_p3         |  select  |      0|  0|  17|           1|           1|
    |select_ln271_fu_6139_p3           |  select  |      0|  0|  17|           1|           1|
    |select_ln301_fu_6120_p3           |  select  |      0|  0|  32|           1|           1|
    |select_ln700_1_fu_6630_p3         |  select  |      0|  0|   4|           1|           4|
    |select_ln700_fu_6408_p3           |  select  |      0|  0|   4|           1|           4|
    |ap_enable_pp0                     |    xor   |      0|  0|   2|           1|           2|
    |ap_enable_reg_pp0_iter1           |    xor   |      0|  0|   2|           2|           1|
    |xor_ln899_10_fu_6479_p2           |    xor   |      0|  0|   2|           1|           2|
    |xor_ln899_11_fu_6488_p2           |    xor   |      0|  0|   2|           1|           2|
    |xor_ln899_12_fu_6497_p2           |    xor   |      0|  0|   2|           1|           2|
    |xor_ln899_13_fu_6506_p2           |    xor   |      0|  0|   2|           1|           2|
    |xor_ln899_14_fu_6625_p2           |    xor   |      0|  0|   2|           1|           2|
    |xor_ln899_15_fu_6638_p2           |    xor   |      0|  0|   2|           1|           2|
    |xor_ln899_16_fu_6647_p2           |    xor   |      0|  0|   2|           1|           2|
    |xor_ln899_17_fu_6656_p2           |    xor   |      0|  0|   2|           1|           2|
    |xor_ln899_18_fu_6665_p2           |    xor   |      0|  0|   2|           1|           2|
    |xor_ln899_19_fu_6674_p2           |    xor   |      0|  0|   2|           1|           2|
    |xor_ln899_1_fu_6416_p2            |    xor   |      0|  0|   2|           1|           2|
    |xor_ln899_20_fu_6683_p2           |    xor   |      0|  0|   2|           1|           2|
    |xor_ln899_21_fu_6349_p2           |    xor   |      0|  0|   2|           1|           2|
    |xor_ln899_22_fu_6361_p2           |    xor   |      0|  0|   2|           1|           2|
    |xor_ln899_23_fu_6373_p2           |    xor   |      0|  0|   2|           1|           2|
    |xor_ln899_24_fu_6701_p2           |    xor   |      0|  0|   2|           1|           2|
    |xor_ln899_25_fu_6710_p2           |    xor   |      0|  0|   2|           1|           2|
    |xor_ln899_26_fu_6719_p2           |    xor   |      0|  0|   2|           1|           2|
    |xor_ln899_27_fu_6728_p2           |    xor   |      0|  0|   2|           1|           2|
    |xor_ln899_2_fu_6425_p2            |    xor   |      0|  0|   2|           1|           2|
    |xor_ln899_3_fu_6434_p2            |    xor   |      0|  0|   2|           1|           2|
    |xor_ln899_4_fu_6443_p2            |    xor   |      0|  0|   2|           1|           2|
    |xor_ln899_5_fu_6452_p2            |    xor   |      0|  0|   2|           1|           2|
    |xor_ln899_6_fu_6461_p2            |    xor   |      0|  0|   2|           1|           2|
    |xor_ln899_7_fu_6247_p2            |    xor   |      0|  0|   2|           1|           2|
    |xor_ln899_8_fu_6259_p2            |    xor   |      0|  0|   2|           1|           2|
    |xor_ln899_9_fu_6271_p2            |    xor   |      0|  0|   2|           1|           2|
    |xor_ln899_fu_6403_p2              |    xor   |      0|  0|   2|           1|           2|
    +----------------------------------+----------+-------+---+----+------------+------------+
    |Total                             |          |      0|  0|1134|         894|         796|
    +----------------------------------+----------+-------+---+----+------------+------------+

    * Multiplexer: 
    +-------------------------------------------+----+-----------+-----+-----------+
    |                    Name                   | LUT| Input Size| Bits| Total Bits|
    +-------------------------------------------+----+-----------+-----+-----------+
    |ap_NS_fsm                                  |  21|          4|    1|          4|
    |ap_enable_reg_pp0_iter1                    |   9|          2|    1|          2|
    |ap_enable_reg_pp0_iter3                    |   9|          2|    1|          2|
    |ap_phi_reg_pp0_iter1_act_m_val_V_reg_2292  |  15|          3|   16|         48|
    |ap_sig_allocacmp_nf_assign_load_1          |   9|          2|   32|         64|
    |i_0_reg_2281                               |   9|          2|   21|         42|
    |in_V_V_TDATA_blk_n                         |   9|          2|    1|          2|
    |nf_assign_fu_1894                          |   9|          2|   32|         64|
    |out_V_V_TDATA_blk_n                        |   9|          2|    1|          2|
    |sf_1_fu_738                                |   9|          2|   32|         64|
    |weight_V_V_TDATA_blk_n                     |   9|          2|    1|          2|
    +-------------------------------------------+----+-----------+-----+-----------+
    |Total                                      | 117|         25|  139|        296|
    +-------------------------------------------+----+-----------+-----+-----------+

    * Register: 
    +-------------------------------------------+----+----+-----+-----------+
    |                    Name                   | FF | LUT| Bits| Const Bits|
    +-------------------------------------------+----+----+-----+-----------+
    |accu_V_0_0_0_fu_730                        |  17|   0|   17|          0|
    |accu_V_0_1_0_fu_734                        |  17|   0|   17|          0|
    |add_ln700_2_reg_8981                       |   9|   0|    9|          0|
    |add_ln700_6_reg_8991                       |   9|   0|    9|          0|
    |ap_CS_fsm                                  |   3|   0|    3|          0|
    |ap_enable_reg_pp0_iter0                    |   1|   0|    1|          0|
    |ap_enable_reg_pp0_iter1                    |   1|   0|    1|          0|
    |ap_enable_reg_pp0_iter2                    |   1|   0|    1|          0|
    |ap_enable_reg_pp0_iter3                    |   1|   0|    1|          0|
    |ap_phi_reg_pp0_iter1_act_m_val_V_reg_2292  |  16|   0|   16|          0|
    |i_0_reg_2281                               |  21|   0|   21|          0|
    |icmp_ln271_reg_8926                        |   1|   0|    1|          0|
    |icmp_ln271_reg_8926_pp0_iter1_reg          |   1|   0|    1|          0|
    |icmp_ln289_reg_8972                        |   1|   0|    1|          0|
    |icmp_ln899_10_reg_9186                     |   1|   0|    1|          0|
    |icmp_ln899_11_reg_9191                     |   1|   0|    1|          0|
    |icmp_ln899_12_reg_9196                     |   1|   0|    1|          0|
    |icmp_ln899_13_reg_9201                     |   1|   0|    1|          0|
    |icmp_ln899_14_reg_9206                     |   1|   0|    1|          0|
    |icmp_ln899_15_reg_9211                     |   1|   0|    1|          0|
    |icmp_ln899_16_reg_9216                     |   1|   0|    1|          0|
    |icmp_ln899_17_reg_9221                     |   1|   0|    1|          0|
    |icmp_ln899_18_reg_9226                     |   1|   0|    1|          0|
    |icmp_ln899_19_reg_9231                     |   1|   0|    1|          0|
    |icmp_ln899_1_reg_9141                      |   1|   0|    1|          0|
    |icmp_ln899_20_reg_9236                     |   1|   0|    1|          0|
    |icmp_ln899_24_reg_9256                     |   1|   0|    1|          0|
    |icmp_ln899_25_reg_9261                     |   1|   0|    1|          0|
    |icmp_ln899_26_reg_9266                     |   1|   0|    1|          0|
    |icmp_ln899_27_reg_9271                     |   1|   0|    1|          0|
    |icmp_ln899_2_reg_9146                      |   1|   0|    1|          0|
    |icmp_ln899_3_reg_9151                      |   1|   0|    1|          0|
    |icmp_ln899_4_reg_9156                      |   1|   0|    1|          0|
    |icmp_ln899_5_reg_9161                      |   1|   0|    1|          0|
    |icmp_ln899_6_reg_9166                      |   1|   0|    1|          0|
    |icmp_ln899_reg_9136                        |   1|   0|    1|          0|
    |mul_ln1352_1_reg_8976                      |   8|   0|    8|          0|
    |mul_ln1352_5_reg_8986                      |   8|   0|    8|          0|
    |nf_assign_fu_1894                          |  32|   0|   32|          0|
    |p_Result_1_0_1_reg_8937                    |   4|   0|    4|          0|
    |p_Result_1_0_2_reg_8942                    |   4|   0|    4|          0|
    |p_Result_1_0_3_reg_8947                    |   4|   0|    4|          0|
    |p_Result_1_1_1_reg_8957                    |   4|   0|    4|          0|
    |p_Result_1_1_2_reg_8962                    |   4|   0|    4|          0|
    |p_Result_1_1_3_reg_8967                    |   4|   0|    4|          0|
    |p_Result_1_1_reg_8952                      |   4|   0|    4|          0|
    |sf_1_fu_738                                |  32|   0|   32|          0|
    |tmp_V_100_fu_1138                          |  16|   0|   16|          0|
    |tmp_V_101_fu_1142                          |  16|   0|   16|          0|
    |tmp_V_102_fu_1146                          |  16|   0|   16|          0|
    |tmp_V_103_fu_1150                          |  16|   0|   16|          0|
    |tmp_V_104_fu_1154                          |  16|   0|   16|          0|
    |tmp_V_105_fu_1158                          |  16|   0|   16|          0|
    |tmp_V_106_fu_1162                          |  16|   0|   16|          0|
    |tmp_V_107_fu_1166                          |  16|   0|   16|          0|
    |tmp_V_108_fu_1170                          |  16|   0|   16|          0|
    |tmp_V_109_fu_1174                          |  16|   0|   16|          0|
    |tmp_V_10_fu_778                            |  16|   0|   16|          0|
    |tmp_V_110_fu_1178                          |  16|   0|   16|          0|
    |tmp_V_111_fu_1182                          |  16|   0|   16|          0|
    |tmp_V_112_fu_1186                          |  16|   0|   16|          0|
    |tmp_V_113_fu_1190                          |  16|   0|   16|          0|
    |tmp_V_114_fu_1194                          |  16|   0|   16|          0|
    |tmp_V_115_fu_1198                          |  16|   0|   16|          0|
    |tmp_V_116_fu_1202                          |  16|   0|   16|          0|
    |tmp_V_117_fu_1206                          |  16|   0|   16|          0|
    |tmp_V_118_fu_1210                          |  16|   0|   16|          0|
    |tmp_V_119_fu_1214                          |  16|   0|   16|          0|
    |tmp_V_11_fu_782                            |  16|   0|   16|          0|
    |tmp_V_120_fu_1218                          |  16|   0|   16|          0|
    |tmp_V_121_fu_1222                          |  16|   0|   16|          0|
    |tmp_V_122_fu_1226                          |  16|   0|   16|          0|
    |tmp_V_123_fu_1230                          |  16|   0|   16|          0|
    |tmp_V_124_fu_1234                          |  16|   0|   16|          0|
    |tmp_V_125_fu_1238                          |  16|   0|   16|          0|
    |tmp_V_126_fu_1242                          |  16|   0|   16|          0|
    |tmp_V_127_fu_1246                          |  16|   0|   16|          0|
    |tmp_V_128_fu_1250                          |  16|   0|   16|          0|
    |tmp_V_129_fu_1254                          |  16|   0|   16|          0|
    |tmp_V_12_fu_786                            |  16|   0|   16|          0|
    |tmp_V_130_fu_1258                          |  16|   0|   16|          0|
    |tmp_V_131_fu_1262                          |  16|   0|   16|          0|
    |tmp_V_132_fu_1266                          |  16|   0|   16|          0|
    |tmp_V_133_fu_1270                          |  16|   0|   16|          0|
    |tmp_V_134_fu_1274                          |  16|   0|   16|          0|
    |tmp_V_135_fu_1278                          |  16|   0|   16|          0|
    |tmp_V_136_fu_1282                          |  16|   0|   16|          0|
    |tmp_V_137_fu_1286                          |  16|   0|   16|          0|
    |tmp_V_138_fu_1290                          |  16|   0|   16|          0|
    |tmp_V_139_fu_1294                          |  16|   0|   16|          0|
    |tmp_V_13_fu_790                            |  16|   0|   16|          0|
    |tmp_V_140_fu_1298                          |  16|   0|   16|          0|
    |tmp_V_141_fu_1302                          |  16|   0|   16|          0|
    |tmp_V_142_fu_1306                          |  16|   0|   16|          0|
    |tmp_V_143_fu_1310                          |  16|   0|   16|          0|
    |tmp_V_144_fu_1314                          |  16|   0|   16|          0|
    |tmp_V_145_fu_1318                          |  16|   0|   16|          0|
    |tmp_V_146_fu_1322                          |  16|   0|   16|          0|
    |tmp_V_147_fu_1326                          |  16|   0|   16|          0|
    |tmp_V_148_fu_1330                          |  16|   0|   16|          0|
    |tmp_V_149_fu_1334                          |  16|   0|   16|          0|
    |tmp_V_14_fu_794                            |  16|   0|   16|          0|
    |tmp_V_150_fu_1338                          |  16|   0|   16|          0|
    |tmp_V_151_fu_1342                          |  16|   0|   16|          0|
    |tmp_V_152_fu_1346                          |  16|   0|   16|          0|
    |tmp_V_153_fu_1350                          |  16|   0|   16|          0|
    |tmp_V_154_fu_1354                          |  16|   0|   16|          0|
    |tmp_V_155_fu_1358                          |  16|   0|   16|          0|
    |tmp_V_156_fu_1362                          |  16|   0|   16|          0|
    |tmp_V_157_fu_1366                          |  16|   0|   16|          0|
    |tmp_V_158_fu_1370                          |  16|   0|   16|          0|
    |tmp_V_159_fu_1374                          |  16|   0|   16|          0|
    |tmp_V_15_fu_798                            |  16|   0|   16|          0|
    |tmp_V_160_fu_1378                          |  16|   0|   16|          0|
    |tmp_V_161_fu_1382                          |  16|   0|   16|          0|
    |tmp_V_162_fu_1386                          |  16|   0|   16|          0|
    |tmp_V_163_fu_1390                          |  16|   0|   16|          0|
    |tmp_V_164_fu_1394                          |  16|   0|   16|          0|
    |tmp_V_165_fu_1398                          |  16|   0|   16|          0|
    |tmp_V_166_fu_1402                          |  16|   0|   16|          0|
    |tmp_V_167_fu_1406                          |  16|   0|   16|          0|
    |tmp_V_168_fu_1410                          |  16|   0|   16|          0|
    |tmp_V_169_fu_1414                          |  16|   0|   16|          0|
    |tmp_V_16_fu_802                            |  16|   0|   16|          0|
    |tmp_V_170_fu_1418                          |  16|   0|   16|          0|
    |tmp_V_171_fu_1422                          |  16|   0|   16|          0|
    |tmp_V_172_fu_1426                          |  16|   0|   16|          0|
    |tmp_V_173_fu_1430                          |  16|   0|   16|          0|
    |tmp_V_174_fu_1434                          |  16|   0|   16|          0|
    |tmp_V_175_fu_1438                          |  16|   0|   16|          0|
    |tmp_V_176_fu_1442                          |  16|   0|   16|          0|
    |tmp_V_177_fu_1446                          |  16|   0|   16|          0|
    |tmp_V_178_fu_1450                          |  16|   0|   16|          0|
    |tmp_V_179_fu_1454                          |  16|   0|   16|          0|
    |tmp_V_17_fu_806                            |  16|   0|   16|          0|
    |tmp_V_180_fu_1458                          |  16|   0|   16|          0|
    |tmp_V_181_fu_1462                          |  16|   0|   16|          0|
    |tmp_V_182_fu_1466                          |  16|   0|   16|          0|
    |tmp_V_183_fu_1470                          |  16|   0|   16|          0|
    |tmp_V_184_fu_1474                          |  16|   0|   16|          0|
    |tmp_V_185_fu_1478                          |  16|   0|   16|          0|
    |tmp_V_186_fu_1482                          |  16|   0|   16|          0|
    |tmp_V_187_fu_1486                          |  16|   0|   16|          0|
    |tmp_V_188_fu_1490                          |  16|   0|   16|          0|
    |tmp_V_189_fu_1494                          |  16|   0|   16|          0|
    |tmp_V_18_fu_810                            |  16|   0|   16|          0|
    |tmp_V_190_fu_1498                          |  16|   0|   16|          0|
    |tmp_V_191_fu_1502                          |  16|   0|   16|          0|
    |tmp_V_192_fu_1506                          |  16|   0|   16|          0|
    |tmp_V_193_fu_1510                          |  16|   0|   16|          0|
    |tmp_V_194_fu_1514                          |  16|   0|   16|          0|
    |tmp_V_195_fu_1518                          |  16|   0|   16|          0|
    |tmp_V_196_fu_1522                          |  16|   0|   16|          0|
    |tmp_V_197_fu_1526                          |  16|   0|   16|          0|
    |tmp_V_198_fu_1530                          |  16|   0|   16|          0|
    |tmp_V_199_fu_1534                          |  16|   0|   16|          0|
    |tmp_V_19_fu_814                            |  16|   0|   16|          0|
    |tmp_V_1_fu_746                             |  16|   0|   16|          0|
    |tmp_V_200_fu_1538                          |  16|   0|   16|          0|
    |tmp_V_201_fu_1542                          |  16|   0|   16|          0|
    |tmp_V_202_fu_1546                          |  16|   0|   16|          0|
    |tmp_V_203_fu_1550                          |  16|   0|   16|          0|
    |tmp_V_204_fu_1554                          |  16|   0|   16|          0|
    |tmp_V_205_fu_1558                          |  16|   0|   16|          0|
    |tmp_V_206_fu_1562                          |  16|   0|   16|          0|
    |tmp_V_207_fu_1566                          |  16|   0|   16|          0|
    |tmp_V_208_fu_1570                          |  16|   0|   16|          0|
    |tmp_V_209_fu_1574                          |  16|   0|   16|          0|
    |tmp_V_20_fu_818                            |  16|   0|   16|          0|
    |tmp_V_210_fu_1578                          |  16|   0|   16|          0|
    |tmp_V_211_fu_1582                          |  16|   0|   16|          0|
    |tmp_V_212_fu_1586                          |  16|   0|   16|          0|
    |tmp_V_213_fu_1590                          |  16|   0|   16|          0|
    |tmp_V_214_fu_1594                          |  16|   0|   16|          0|
    |tmp_V_215_fu_1598                          |  16|   0|   16|          0|
    |tmp_V_216_fu_1602                          |  16|   0|   16|          0|
    |tmp_V_217_fu_1606                          |  16|   0|   16|          0|
    |tmp_V_218_fu_1610                          |  16|   0|   16|          0|
    |tmp_V_219_fu_1614                          |  16|   0|   16|          0|
    |tmp_V_21_fu_822                            |  16|   0|   16|          0|
    |tmp_V_220_fu_1618                          |  16|   0|   16|          0|
    |tmp_V_221_fu_1622                          |  16|   0|   16|          0|
    |tmp_V_222_fu_1626                          |  16|   0|   16|          0|
    |tmp_V_223_fu_1630                          |  16|   0|   16|          0|
    |tmp_V_224_fu_1634                          |  16|   0|   16|          0|
    |tmp_V_225_fu_1638                          |  16|   0|   16|          0|
    |tmp_V_226_fu_1642                          |  16|   0|   16|          0|
    |tmp_V_227_fu_1646                          |  16|   0|   16|          0|
    |tmp_V_228_fu_1650                          |  16|   0|   16|          0|
    |tmp_V_229_fu_1654                          |  16|   0|   16|          0|
    |tmp_V_22_fu_826                            |  16|   0|   16|          0|
    |tmp_V_230_fu_1658                          |  16|   0|   16|          0|
    |tmp_V_231_fu_1662                          |  16|   0|   16|          0|
    |tmp_V_232_fu_1666                          |  16|   0|   16|          0|
    |tmp_V_233_fu_1670                          |  16|   0|   16|          0|
    |tmp_V_234_fu_1674                          |  16|   0|   16|          0|
    |tmp_V_235_fu_1678                          |  16|   0|   16|          0|
    |tmp_V_236_fu_1682                          |  16|   0|   16|          0|
    |tmp_V_237_fu_1686                          |  16|   0|   16|          0|
    |tmp_V_238_fu_1690                          |  16|   0|   16|          0|
    |tmp_V_239_fu_1694                          |  16|   0|   16|          0|
    |tmp_V_23_fu_830                            |  16|   0|   16|          0|
    |tmp_V_240_fu_1698                          |  16|   0|   16|          0|
    |tmp_V_241_fu_1702                          |  16|   0|   16|          0|
    |tmp_V_242_fu_1706                          |  16|   0|   16|          0|
    |tmp_V_243_fu_1710                          |  16|   0|   16|          0|
    |tmp_V_244_fu_1714                          |  16|   0|   16|          0|
    |tmp_V_245_fu_1718                          |  16|   0|   16|          0|
    |tmp_V_246_fu_1722                          |  16|   0|   16|          0|
    |tmp_V_247_fu_1726                          |  16|   0|   16|          0|
    |tmp_V_248_fu_1730                          |  16|   0|   16|          0|
    |tmp_V_249_fu_1734                          |  16|   0|   16|          0|
    |tmp_V_24_fu_834                            |  16|   0|   16|          0|
    |tmp_V_250_fu_1738                          |  16|   0|   16|          0|
    |tmp_V_251_fu_1742                          |  16|   0|   16|          0|
    |tmp_V_252_fu_1746                          |  16|   0|   16|          0|
    |tmp_V_253_fu_1750                          |  16|   0|   16|          0|
    |tmp_V_254_fu_1754                          |  16|   0|   16|          0|
    |tmp_V_255_fu_1758                          |  16|   0|   16|          0|
    |tmp_V_256_fu_1762                          |  16|   0|   16|          0|
    |tmp_V_257_fu_1766                          |  16|   0|   16|          0|
    |tmp_V_258_fu_1770                          |  16|   0|   16|          0|
    |tmp_V_259_fu_1774                          |  16|   0|   16|          0|
    |tmp_V_25_fu_838                            |  16|   0|   16|          0|
    |tmp_V_260_fu_1778                          |  16|   0|   16|          0|
    |tmp_V_261_fu_1782                          |  16|   0|   16|          0|
    |tmp_V_262_fu_1786                          |  16|   0|   16|          0|
    |tmp_V_263_fu_1790                          |  16|   0|   16|          0|
    |tmp_V_264_fu_1794                          |  16|   0|   16|          0|
    |tmp_V_265_fu_1798                          |  16|   0|   16|          0|
    |tmp_V_266_fu_1802                          |  16|   0|   16|          0|
    |tmp_V_267_fu_1806                          |  16|   0|   16|          0|
    |tmp_V_268_fu_1810                          |  16|   0|   16|          0|
    |tmp_V_269_fu_1814                          |  16|   0|   16|          0|
    |tmp_V_26_fu_842                            |  16|   0|   16|          0|
    |tmp_V_270_fu_1818                          |  16|   0|   16|          0|
    |tmp_V_271_fu_1822                          |  16|   0|   16|          0|
    |tmp_V_272_fu_1826                          |  16|   0|   16|          0|
    |tmp_V_273_fu_1830                          |  16|   0|   16|          0|
    |tmp_V_274_fu_1834                          |  16|   0|   16|          0|
    |tmp_V_275_fu_1838                          |  16|   0|   16|          0|
    |tmp_V_276_fu_1842                          |  16|   0|   16|          0|
    |tmp_V_277_fu_1846                          |  16|   0|   16|          0|
    |tmp_V_278_fu_1850                          |  16|   0|   16|          0|
    |tmp_V_279_fu_1854                          |  16|   0|   16|          0|
    |tmp_V_27_fu_846                            |  16|   0|   16|          0|
    |tmp_V_280_fu_1858                          |  16|   0|   16|          0|
    |tmp_V_281_fu_1862                          |  16|   0|   16|          0|
    |tmp_V_282_fu_1866                          |  16|   0|   16|          0|
    |tmp_V_283_fu_1870                          |  16|   0|   16|          0|
    |tmp_V_284_fu_1874                          |  16|   0|   16|          0|
    |tmp_V_285_fu_1878                          |  16|   0|   16|          0|
    |tmp_V_286_fu_1882                          |  16|   0|   16|          0|
    |tmp_V_287_fu_1886                          |  16|   0|   16|          0|
    |tmp_V_288_fu_1890                          |  16|   0|   16|          0|
    |tmp_V_28_fu_850                            |  16|   0|   16|          0|
    |tmp_V_29_fu_854                            |  16|   0|   16|          0|
    |tmp_V_2_fu_750                             |  16|   0|   16|          0|
    |tmp_V_30_fu_858                            |  16|   0|   16|          0|
    |tmp_V_31_fu_862                            |  16|   0|   16|          0|
    |tmp_V_32_fu_866                            |  16|   0|   16|          0|
    |tmp_V_33_fu_870                            |  16|   0|   16|          0|
    |tmp_V_34_fu_874                            |  16|   0|   16|          0|
    |tmp_V_35_fu_878                            |  16|   0|   16|          0|
    |tmp_V_36_fu_882                            |  16|   0|   16|          0|
    |tmp_V_37_fu_886                            |  16|   0|   16|          0|
    |tmp_V_38_fu_890                            |  16|   0|   16|          0|
    |tmp_V_39_fu_894                            |  16|   0|   16|          0|
    |tmp_V_40_fu_898                            |  16|   0|   16|          0|
    |tmp_V_41_fu_902                            |  16|   0|   16|          0|
    |tmp_V_42_fu_906                            |  16|   0|   16|          0|
    |tmp_V_43_fu_910                            |  16|   0|   16|          0|
    |tmp_V_44_fu_914                            |  16|   0|   16|          0|
    |tmp_V_45_fu_918                            |  16|   0|   16|          0|
    |tmp_V_46_fu_922                            |  16|   0|   16|          0|
    |tmp_V_47_fu_926                            |  16|   0|   16|          0|
    |tmp_V_48_fu_930                            |  16|   0|   16|          0|
    |tmp_V_49_fu_934                            |  16|   0|   16|          0|
    |tmp_V_4_fu_754                             |  16|   0|   16|          0|
    |tmp_V_50_fu_938                            |  16|   0|   16|          0|
    |tmp_V_51_fu_942                            |  16|   0|   16|          0|
    |tmp_V_52_fu_946                            |  16|   0|   16|          0|
    |tmp_V_53_fu_950                            |  16|   0|   16|          0|
    |tmp_V_54_fu_954                            |  16|   0|   16|          0|
    |tmp_V_55_fu_958                            |  16|   0|   16|          0|
    |tmp_V_56_fu_962                            |  16|   0|   16|          0|
    |tmp_V_57_fu_966                            |  16|   0|   16|          0|
    |tmp_V_58_fu_970                            |  16|   0|   16|          0|
    |tmp_V_59_fu_974                            |  16|   0|   16|          0|
    |tmp_V_5_fu_758                             |  16|   0|   16|          0|
    |tmp_V_60_fu_978                            |  16|   0|   16|          0|
    |tmp_V_61_fu_982                            |  16|   0|   16|          0|
    |tmp_V_62_fu_986                            |  16|   0|   16|          0|
    |tmp_V_63_fu_990                            |  16|   0|   16|          0|
    |tmp_V_64_fu_994                            |  16|   0|   16|          0|
    |tmp_V_65_fu_998                            |  16|   0|   16|          0|
    |tmp_V_66_fu_1002                           |  16|   0|   16|          0|
    |tmp_V_67_fu_1006                           |  16|   0|   16|          0|
    |tmp_V_68_fu_1010                           |  16|   0|   16|          0|
    |tmp_V_69_fu_1014                           |  16|   0|   16|          0|
    |tmp_V_6_fu_762                             |  16|   0|   16|          0|
    |tmp_V_70_fu_1018                           |  16|   0|   16|          0|
    |tmp_V_71_fu_1022                           |  16|   0|   16|          0|
    |tmp_V_72_fu_1026                           |  16|   0|   16|          0|
    |tmp_V_73_fu_1030                           |  16|   0|   16|          0|
    |tmp_V_74_fu_1034                           |  16|   0|   16|          0|
    |tmp_V_75_fu_1038                           |  16|   0|   16|          0|
    |tmp_V_76_fu_1042                           |  16|   0|   16|          0|
    |tmp_V_77_fu_1046                           |  16|   0|   16|          0|
    |tmp_V_78_fu_1050                           |  16|   0|   16|          0|
    |tmp_V_79_fu_1054                           |  16|   0|   16|          0|
    |tmp_V_7_fu_766                             |  16|   0|   16|          0|
    |tmp_V_80_fu_1058                           |  16|   0|   16|          0|
    |tmp_V_81_fu_1062                           |  16|   0|   16|          0|
    |tmp_V_82_fu_1066                           |  16|   0|   16|          0|
    |tmp_V_83_fu_1070                           |  16|   0|   16|          0|
    |tmp_V_84_fu_1074                           |  16|   0|   16|          0|
    |tmp_V_85_fu_1078                           |  16|   0|   16|          0|
    |tmp_V_86_fu_1082                           |  16|   0|   16|          0|
    |tmp_V_87_fu_1086                           |  16|   0|   16|          0|
    |tmp_V_88_fu_1090                           |  16|   0|   16|          0|
    |tmp_V_89_fu_1094                           |  16|   0|   16|          0|
    |tmp_V_8_fu_770                             |  16|   0|   16|          0|
    |tmp_V_90_fu_1098                           |  16|   0|   16|          0|
    |tmp_V_91_fu_1102                           |  16|   0|   16|          0|
    |tmp_V_92_fu_1106                           |  16|   0|   16|          0|
    |tmp_V_93_fu_1110                           |  16|   0|   16|          0|
    |tmp_V_94_fu_1114                           |  16|   0|   16|          0|
    |tmp_V_95_fu_1118                           |  16|   0|   16|          0|
    |tmp_V_96_fu_1122                           |  16|   0|   16|          0|
    |tmp_V_97_fu_1126                           |  16|   0|   16|          0|
    |tmp_V_98_fu_1130                           |  16|   0|   16|          0|
    |tmp_V_99_fu_1134                           |  16|   0|   16|          0|
    |tmp_V_9_fu_774                             |  16|   0|   16|          0|
    |tmp_V_fu_742                               |  16|   0|   16|          0|
    |trunc_ln647_reg_8932                       |   4|   0|    4|          0|
    |xor_ln899_21_reg_9241                      |   1|   0|    1|          0|
    |xor_ln899_22_reg_9246                      |   1|   0|    1|          0|
    |xor_ln899_23_reg_9251                      |   1|   0|    1|          0|
    |xor_ln899_7_reg_9171                       |   1|   0|    1|          0|
    |xor_ln899_8_reg_9176                       |   1|   0|    1|          0|
    |xor_ln899_9_reg_9181                       |   1|   0|    1|          0|
    |icmp_ln289_reg_8972                        |  64|  32|    1|          0|
    +-------------------------------------------+----+----+-----+-----------+
    |Total                                      |4911|  32| 4848|          0|
    +-------------------------------------------+----+----+-----+-----------+



================================================================
== Interface
================================================================
* Summary: 
+-------------------+-----+-----+------------+----------------------+--------------+
|     RTL Ports     | Dir | Bits|  Protocol  |     Source Object    |    C Type    |
+-------------------+-----+-----+------------+----------------------+--------------+
|ap_clk             |  in |    1| ap_ctrl_hs | Matrix_Vector_Activa | return value |
|ap_rst             |  in |    1| ap_ctrl_hs | Matrix_Vector_Activa | return value |
|ap_start           |  in |    1| ap_ctrl_hs | Matrix_Vector_Activa | return value |
|ap_done            | out |    1| ap_ctrl_hs | Matrix_Vector_Activa | return value |
|ap_idle            | out |    1| ap_ctrl_hs | Matrix_Vector_Activa | return value |
|ap_ready           | out |    1| ap_ctrl_hs | Matrix_Vector_Activa | return value |
|in_V_V_TDATA       |  in |   16|    axis    |        in_V_V        |    pointer   |
|in_V_V_TVALID      |  in |    1|    axis    |        in_V_V        |    pointer   |
|in_V_V_TREADY      | out |    1|    axis    |        in_V_V        |    pointer   |
|out_V_V_TDATA      | out |    8|    axis    |        out_V_V       |    pointer   |
|out_V_V_TVALID     | out |    1|    axis    |        out_V_V       |    pointer   |
|out_V_V_TREADY     |  in |    1|    axis    |        out_V_V       |    pointer   |
|weight_V_V_TDATA   |  in |   32|    axis    |      weight_V_V      |    pointer   |
|weight_V_V_TVALID  |  in |    1|    axis    |      weight_V_V      |    pointer   |
|weight_V_V_TREADY  | out |    1|    axis    |      weight_V_V      |    pointer   |
+-------------------+-----+-----+------------+----------------------+--------------+

